******************************************************************************
                  TI ARM Linker PC v20.2.1                     
******************************************************************************
>> Linked Sun Jan 24 19:35:15 2021

OUTPUT FILE NAME:   <bluetoothProject.out>
ENTRY POINT SYMBOL: "_c_int00"  address: 0000fd85


MEMORY CONFIGURATION

         name            origin    length      used     unused   attr    fill
----------------------  --------  ---------  --------  --------  ----  --------
  FLASH                 00000000   00100000  000175ef  000e8a11  R  X
  SRAM                  20000000   00040000  0001b4d0  00024b30  RW X


SEGMENT ALLOCATION MAP

run origin  load origin   length   init length attrs members
----------  ----------- ---------- ----------- ----- -------
00000000    00000000    000175f8   000175f8    r-x
  00000000    00000000    0000003c   0000003c    r-- .resetVecs
  00000040    00000040    00014a0a   00014a0a    r-x .text
  00014a4c    00014a4c    00002741   00002741    r-- .const
  00017190    00017190    00000468   00000468    r-- .cinit
20000000    20000000    00000360   00000000    rw-
  20000000    20000000    00000360   00000000    rw- .vecs
20000380    20000380    0001b170   00000000    rw-
  20000380    20000380    00019f5c   00000000    rw- .bss
  2001a2dc    2001a2dc    00000a14   00000000    rw- .data
  2001acf0    2001acf0    00000800   00000000    rw- .stack


SECTION ALLOCATION MAP

 output                                  attributes/
section   page    origin      length       input sections
--------  ----  ----------  ----------   ----------------
.text      0    00000040    00014a0a     
                  00000040    00000c68     stk.aem4f : tcpin.oem4f (.text:TcpInput)
                  00000ca8    00000a4e     rtsv7M4_T_le_v4SPD16_eabi.lib : _printfi.c.obj (.text:__TI_printfi)
                  000016f6    00000002     hal_userled_stub.aem4f : llled.oem4f (.text:LED_TOGGLE)
                  000016f8    000008b8     stk.aem4f : tcpout.oem4f (.text:TcpOutput)
                  00001fb0    00000464     rtsv7M4_T_le_v4SPD16_eabi.lib : strftime.c.obj (.text:strftime)
                  00002414    00000004     stk.aem4f : bind.oem4f (.text:BindGetIF)
                  00002418    00000430     sysbios.aem4f : BIOS.obj (.text:ti_sysbios_family_arm_m3_Hwi_excDumpRegs__I)
                  00002848    00000408     stk.aem4f : ipout.oem4f (.text:IPTxPacket)
                  00002c50    00000384               : ipin.oem4f (.text:IPRxPacket)
                  00002fd4    0000034c     ti.targets.arm.rtsarm.aem4f : System.oem4f (.text:xdc_runtime_System_doPrint__I)
                  00003320    000002a0     rtsv7M4_T_le_v4SPD16_eabi.lib : mktime.c.obj (.text:__mktime32)
                  000035c0    00000284     stk.aem4f : sock.oem4f (.text:SockSet)
                  00003844    00000270     rtsv7M4_T_le_v4SPD16_eabi.lib : _printfi.c.obj (.text:_pconv_a)
                  00003ab4    0000024c     stk.aem4f : ipfrag.oem4f (.text:IPReasm)
                  00003d00    0000023c               : icmpin.oem4f (.text:ICMPInput)
                  00003f3c    00000238               : udp.oem4f (.text:UdpInput)
                  00004174    00000218     bluetooth.obj (.text:recvTimeStamptFromNTP)
                  0000438c    0000020c     drivers_tivaware.aem4f : UARTTiva.oem4f (.text:UARTTiva_open)
                  00004598    00000204     Boot.aem4f : Boot_sysctl.oem4f (.text:ti_catalog_arm_cortexm4_tiva_ce_Boot_sysCtlClockFreqSetI__I)
                  0000479c    000001f4     stk.aem4f : sock.oem4f (.text:SockRecv)
                  00004990    000001f4     sysbios.aem4f : BIOS.obj (.text:ti_sysbios_family_arm_m3_Hwi_excHandlerMax__I)
                  00004b84    000001d0     rtsv7M4_T_le_v4SPD16_eabi.lib : _printfi.c.obj (.text:_pconv_g)
                  00004d54    000001b8     drivers_tivaware.aem4f : EMACSnow.oem4f (.text:EMACSnow_NIMUInit)
                  00004f0c    000001b6     rtsv7M4_T_le_v4SPD16_eabi.lib : fd_add_t2.asm.obj (.text)
                  000050c2    00000002     stk.aem4f : nat.oem4f (.text:NatMsg)
                  000050c4    000001b0               : lliout.oem4f (.text:LLITxIpPacket)
                  00005274    000001ac               : lliin.oem4f (.text:LLIRxPacket)
                  00005420    0000019c     os.aem4f : mem.oem4f (.text:mmAlloc)
                  000055bc    0000019c     bluetooth.obj (.text:recvUART)
                  00005758    00000198     stk.aem4f : igmp.oem4f (.text:IGMPInput)
                  000058f0    00000190               : sock.oem4f (.text:SockNew)
                  00005a80    00000174     netctrl_min_ipv4.aem4f : netctrl.oem4f (.text:NC_NetStart)
                  00005bf4    00000004     stk.aem4f : bind.oem4f (.text:BindGetNext)
                  00005bf8    00000174     sysbios.aem4f : BIOS.obj (.text:ti_sysbios_family_arm_m3_Hwi_excBusFault__I)
                  00005d6c    00000170     stk.aem4f : rtc.oem4f (.text:RTCReport)
                  00005edc    0000016a               : sb.oem4f (.text:SBRead)
                  00006046    00000002     os.aem4f : task.oem4f (.text:_TaskInit)
                  00006048    00000165     bluetooth.obj (.text:sendData2Server)
                  000061ad    00000001     --HOLE-- [fill = 0]
                  000061ae    00000002     os.aem4f : task.oem4f (.text:_TaskShutdown)
                  000061b0    00000164     sysbios.aem4f : BIOS.obj (.text:ti_sysbios_family_arm_m3_Hwi_excUsageFault__I)
                  00006314    00000160     stk.aem4f : sock.oem4f (.text:SockConnect)
                  00006474    00000158     nettool_ipv4.aem4f : dhcpmain.oem4f (.text:DHCPOpen)
                  000065cc    00000150     drivers_tivaware.aem4f : GPIOTiva.oem4f (.text:GPIO_setConfig)
                  0000671c    00000004     os.aem4f : ossys.oem4f (.text:NDK_vsprintf)
                  00006720    00000148     sysbios.aem4f : BIOS.obj (.text:ti_sysbios_family_arm_m3_Hwi_excMemFault__I)
                  00006868    00000148                   : BIOS.obj (.text:ti_sysbios_knl_Event_pend__E)
                  000069b0    00000148                   : BIOS.obj (.text:ti_sysbios_knl_Task_Instance_finalize__E)
                  00006af8    00000144     stk.aem4f : bind.oem4f (.text:BindNew)
                  00006c3c    00000140               : tcp.oem4f (.text:TcpTimeoutCheck)
                  00006d7c    0000013c     nettool_ipv4.aem4f : config.oem4f (.text:CfgAddEntry)
                  00006eb8    0000013c     stk.aem4f : sockint.oem4f (.text:SockNotify)
                  00006ff4    0000013c               : sock.oem4f (.text:SockSend)
                  00007130    0000013c     rtsv7M4_T_le_v4SPD16_eabi.lib : _printfi.c.obj (.text:_pconv_e)
                  0000726c    00000136                                   : fd_div_t2.asm.obj (.text)
                  000073a2    00000002     hal_ser_stub.aem4f : llserstb.oem4f (.text:_llSerialServiceCheck)
                  000073a4    00000134     stk.aem4f : icmp.oem4f (.text:ICMPGenPacket)
                  000074d8    00000134     rtsv7M4_T_le_v4SPD16_eabi.lib : localtim.c.obj (.text:__localtime32)
                  0000760c    00000130     driverlib.lib : gpio.obj (.text:GPIOPadConfigSet)
                  0000773c    0000012c     EK_TM4C1294XL.obj (.text:EK_TM4C1294XL_initEMAC)
                  00007868    00000128     sysbios.aem4f : BIOS.obj (.text:ti_sysbios_knl_Semaphore_pend__E)
                  00007990    00000124     stk.aem4f : sockpcb.oem4f (.text:SockPcbResolve)
                  00007ab4    00000124               : udp.oem4f (.text:UdpOutput)
                  00007bd8    00000124     rtsv7M4_T_le_v4SPD16_eabi.lib : _printfi.c.obj (.text:fcvt)
                  00007cfc    00000124     bluetooth.obj (.text:netIPAddrHook)
                  00007e20    00000120     bluetooth_pem4f.oem4f (.text:ti_ndk_config_Global_stackThread)
                  00007f40    00000118     stk.aem4f : tcpout.oem4f (.text:TcpGenPacket)
                  00008058    00000118     ti.targets.arm.rtsarm.aem4f : Error.oem4f (.text:xdc_runtime_Error_policyDefault__E)
                  00008170    00000114     stk.aem4f : nimu.oem4f (.text:NIMUIoctl)
                  00008284    00000110               : node.oem4f (.text:NodeTreeFree)
                  00008394    00000110               : raw.oem4f (.text:RawInput)
                  000084a4    00000110     rtsv7M4_T_le_v4SPD16_eabi.lib : s_scalbn.c.obj (.text:scalbn)
                  000085b4    0000010c     stk.aem4f : rtable.oem4f (.text:RtFind)
                  000086c0    0000010a               : route.oem4f (.text:RtCreate)
                  000087ca    00000002     hal_ser_stub.aem4f : llserstb.oem4f (.text:_llSerialShutdown)
                  000087cc    00000108     drivers_tivaware.aem4f : EMACSnow.oem4f (.text:EMACSnow_emacStart)
                  000088d4    00000004     stk.aem4f : node.oem4f (.text:NodeSetRt)
                  000088d8    00000108     sysbios.aem4f : BIOS.obj (.text:ti_sysbios_family_arm_lm4_Timer_start__E)
                  000089e0    00000104     os.aem4f : task.oem4f (.text:llEnter)
                  00008ae4    00000102     nettool_ipv4.aem4f : dhcppkt.oem4f (.text:dhcpPacketProcess)
                  00008be6    00000102                        : inetaddr.oem4f (.text:inet_aton)
                  00008ce8    00000100     stk.aem4f : igmp.oem4f (.text:IGMPSendReply)
                  00008de8    00000100     ti.targets.arm.rtsarm.aem4f : Core-mem.oem4f (.text:xdc_runtime_Core_createObject__I)
                  00008ee8    000000fc     netctrl_min_ipv4.aem4f : netctrl.oem4f (.text:NetScheduler)
                  00008fe4    000000fc     rtsv7M4_T_le_v4SPD16_eabi.lib : fd_mul_t2.asm.obj (.text)
                  000090e0    000000f8     stk.aem4f : pipe.oem4f (.text:PipeRecv)
                  000091d8    000000f8     ti.targets.arm.rtsarm.aem4f : Startup.oem4f (.text:xdc_runtime_Startup_startMods__I)
                  000092d0    000000f8     bluetooth_pem4f.oem4f (.text:xdc_runtime_System_printfExtend__I)
                  000093c8    000000f4     os.aem4f : task.oem4f (.text:TaskGetEnv)
                  000094bc    000000f4     sysbios.aem4f : m3_Hwi_asm.obj (.text:ti_sysbios_family_arm_m3_Hwi_dispatch__I)
                  000095b0    000000f4                   : BIOS.obj (.text:ti_sysbios_knl_Task_Instance_init__E)
                  000096a4    000000f0     stk.aem4f : lliout.oem4f (.text:LLIGenArpPacket)
                  00009794    000000f0               : sock.oem4f (.text:SockClose)
                  00009884    000000e8     os.aem4f : task.oem4f (.text:TaskSetEnv)
                  0000996c    00000004     stk.aem4f : rawethsock_prot.oem4f (.text:RawEthSockPrAttach)
                  00009970    000000e4     sysbios.aem4f : BIOS.obj (.text:ti_sysbios_knl_Task_postInit__I)
                  00009a54    000000e0     stk.aem4f : tcptime.oem4f (.text:TcpTimeoutRexmt)
                  00009b34    000000dc               : sb.oem4f (.text:SBWrite)
                  00009c10    000000dc     nettool_ipv4.aem4f : dhcpsock.oem4f (.text:dhcpSocketOpen)
                  00009cec    000000dc                        : dhcpsm.oem4f (.text:dhcpState)
                  00009dc8    000000d8     stk.aem4f : node.oem4f (.text:NodeAdd)
                  00009ea0    000000d8               : tcpprot.oem4f (.text:TcpPrSetOption)
                  00009f78    000000d4     drivers_tivaware.aem4f : EMACSnow.oem4f (.text:EMACSnow_handleRx)
                  0000a04c    000000d4     stk.aem4f : sockpcb.oem4f (.text:SockPcbBind)
                  0000a120    000000d4     sysbios.aem4f : BIOS.obj (.text:ti_sysbios_heaps_HeapMem_alloc__E)
                  0000a1f4    000000d1     stk.aem4f : nimu.oem4f (.text:NIMUReceivePacket)
                  0000a2c5    00000001     --HOLE-- [fill = 0]
                  0000a2c6    00000002     hal_userled_stub.aem4f : llled.oem4f (.text:_llUserLedInit)
                  0000a2c8    000000cc     stk.aem4f : icmp.oem4f (.text:ICMPSendRtAdv)
                  0000a394    000000cc     nettool_ipv4.aem4f : dhcpbild.oem4f (.text:dhcpBuildHeader)
                  0000a460    000000cc                        : dhcpsm.oem4f (.text:dhcpIPAdd)
                  0000a52c    000000cc                        : dhcppkt.oem4f (.text:dhcpVerifyMessage)
                  0000a5f8    000000cc     ti.targets.arm.rtsarm.aem4f : Core-smem.oem4f (.text:xdc_runtime_Core_constructObject__I)
                  0000a6c4    000000c8     stk.aem4f : rawethsock.oem4f (.text:RawEthSockNew)
                  0000a78c    000000c8     netctrl_min_ipv4.aem4f : netsrv.oem4f (.text:SPIpNet)
                  0000a854    000000c4     drivers_tivaware.aem4f : EMACSnow.oem4f (.text:EMACSnow_InitDMADescriptors)
                  0000a918    000000c4     stk.aem4f : igmp.oem4f (.text:IGMPJoinHostGroup)
                  0000a9dc    000000c4     nettool_ipv4.aem4f : dhcpsm.oem4f (.text:StateBound)
                  0000aaa0    000000c0     sysbios.aem4f : BIOS.obj (.text:ti_sysbios_knl_Task_sleep__E)
                  0000ab60    000000bc     stk.aem4f : sockpcb.oem4f (.text:SockPcbFind)
                  0000ac1c    000000bc               : vlan.oem4f (.text:VLANDeinit)
                  0000acd8    000000bc     sysbios.aem4f : BIOS.obj (.text:ti_sysbios_family_arm_m3_Hwi_excDebugMon__I)
                  0000ad94    00000004     stk.aem4f : rawethsock_prot.oem4f (.text:RawEthSockPrDetach)
                  0000ad98    000000bc     sysbios.aem4f : BIOS.obj (.text:ti_sysbios_family_arm_m3_Hwi_excHardFault__I)
                  0000ae54    00000004     os.aem4f : semaphore.oem4f (.text:SemPend)
                  0000ae58    000000bc     sysbios.aem4f : BIOS.obj (.text:ti_sysbios_knl_Task_exit__E)
                  0000af14    000000b8     EK_TM4C1294XL.obj (.text:EK_TM4C1294XL_initGeneral)
                  0000afcc    000000b8     stk.aem4f : icmpin.oem4f (.text:ICMPRevSrcRoute)
                  0000b084    000000b8               : lli.oem4f (.text:_LLITimeoutCheck)
                  0000b13c    000000b4               : tcptime.oem4f (.text:TcpTimeoutKeep)
                  0000b1f0    000000b4     bluetooth.obj (.text:main)
                  0000b2a4    00000004     os.aem4f : semaphore.oem4f (.text:SemPost)
                  0000b2a8    000000b4     sysbios.aem4f : BIOS.obj (.text:ti_sysbios_knl_Task_checkStacks__E)
                  0000b35c    000000b1     rtsv7M4_T_le_v4SPD16_eabi.lib : _printfi.c.obj (.text:_ltostr)
                  0000b40d    00000001     --HOLE-- [fill = 0]
                  0000b40e    000000b0     stk.aem4f : rawethsock.oem4f (.text:RawEthSockSet)
                  0000b4be    00000002     hal_userled_stub.aem4f : llled.oem4f (.text:_llUserLedShutdown)
                  0000b4c0    000000ac     stk.aem4f : rtable.oem4f (.text:RtTimeoutCheck)
                  0000b56c    000000ac     drivers_tivaware.aem4f : UARTTiva.oem4f (.text:readTaskBlocking)
                  0000b618    000000ac     sysbios.aem4f : BIOS.obj (.text:ti_sysbios_family_arm_lm4_Timer_enableTiva__I)
                  0000b6c4    000000a8     stk.aem4f : sockint.oem4f (.text:SockCreatePacket)
                  0000b76c    00000004     os.aem4f : semaphore.oem4f (.text:SemReset)
                  0000b770    000000a4     sysbios.aem4f : BIOS.obj (.text:ti_sysbios_knl_Task_setPri__E)
                  0000b814    000000a4     bluetooth.obj (.text:updateTime)
                  0000b8b8    000000a0     stk.aem4f : ip.oem4f (.text:IPGetRoute)
                  0000b958    000000a0     auto_init.aem4f : auto_init.oem4f (.text)
                  0000b9f8    000000a0     ti.targets.arm.rtsarm.aem4f : Text.oem4f (.text:xdc_runtime_Text_putMod__E)
                  0000ba98    0000009e     stk.aem4f : nimu.oem4f (.text:NIMUAddEthernetHeader)
                  0000bb36    0000009e     nettool_ipv4.aem4f : dhcpbild.oem4f (.text:dhcpBuildRequest)
                  0000bbd4    0000009c     stk.aem4f : exec.oem4f (.text:ExecOpen)
                  0000bc70    0000009c     rtsv7M4_T_le_v4SPD16_eabi.lib : memcpy_t2.asm.obj (.text)
                  0000bd0c    0000009a     ti.targets.arm.rtsarm.aem4f : Text.oem4f (.text:xdc_runtime_Text_putSite__E)
                  0000bda6    00000002     rtsv7M4_T_le_v4SPD16_eabi.lib : _lock.c.obj (.text:_nop)
                  0000bda8    00000098     netctrl_min_ipv4.aem4f : netctrl.oem4f (.text:NC_SystemOpen)
                  0000be40    00000098                            : netsrv.oem4f (.text:ServiceScan)
                  0000bed8    00000098     drivers_tivaware.aem4f : UARTTiva.oem4f (.text:UARTTiva_readPolling)
                  0000bf70    00000098     Boot.aem4f : Boot.oem4f (.text:ti_catalog_arm_cortexm4_tiva_ce_Boot_sysCtlClockFreqSet__E)
                  0000c008    00000098     sysbios.aem4f : BIOS.obj (.text:ti_sysbios_knl_Task_schedule__I)
                  0000c0a0    00000096     rtsv7M4_T_le_v4SPD16_eabi.lib : ull_div_t2.asm.obj (.text)
                  0000c136    00000002     hal_ser_stub.aem4f : llserstb.oem4f (.text:llSerialService)
                  0000c138    00000094     nettool_ipv4.aem4f : config.oem4f (.text:CfgRemoveEntry)
                  0000c1cc    00000094     drivers_tivaware.aem4f : UARTTiva.oem4f (.text:UARTTiva_write)
                  0000c260    00000094     bluetooth.obj (.text:socketSend)
                  0000c2f4    00000004     os.aem4f : task.oem4f (.text:TaskSelf)
                  0000c2f8    00000094     sysbios.aem4f : BIOS.obj (.text:ti_sysbios_family_arm_m3_Hwi_Instance_init__E)
                  0000c38c    00000004     os.aem4f : task.oem4f (.text:TaskSetPri)
                  0000c390    00000094     sysbios.aem4f : BIOS.obj (.text:ti_sysbios_family_arm_m3_Hwi_initNVIC__E)
                  0000c424    00000090     nettool_ipv4.aem4f : config.oem4f (.text:CfgExecute)
                  0000c4b4    00000090     stk.aem4f : igmp.oem4f (.text:IGMPMsg)
                  0000c544    00000090     os.aem4f : mem.oem4f (.text:mmBulkAlloc)
                  0000c5d4    00000090     bluetooth.obj (.text:recvNTP)
                  0000c664    00000004     driverlib.lib : uart.obj (.text:UARTIntClear)
                  0000c668    00000090     sysbios.aem4f : BIOS.obj (.text:ti_sysbios_knl_Task_Module_startup__E)
                  0000c6f8    00000090                   : BIOS.obj (.text:ti_sysbios_knl_Task_startCore__E)
                  0000c788    0000008c     drivers_tivaware.aem4f : GPIOTiva.oem4f (.text:GPIO_init)
                  0000c814    0000008c     stk.aem4f : ip.oem4f (.text:IPMsg)
                  0000c8a0    0000008c     drivers_tivaware.aem4f : UARTTiva.oem4f (.text:UARTTiva_control)
                  0000c92c    0000008c     os.aem4f : mem.oem4f (.text:_mmInit)
                  0000c9b8    0000008c              : mem.oem4f (.text:mmInitPage)
                  0000ca44    0000008c     sysbios.aem4f : m3_TaskSupport_asm.obj (.text:ti_sysbios_family_arm_m3_TaskSupport_buildTaskStack)
                  0000cad0    0000008c                   : BIOS.obj (.text:ti_sysbios_knl_Event_post__E)
                  0000cb5c    0000008a     netctrl_min_ipv4.aem4f : netsrv.oem4f (.text:SPRoute)
                  0000cbe6    0000008a     drivers_tivaware.aem4f : UARTTiva.oem4f (.text:readIsrTextBlocking)
                  0000cc70    00000088     netctrl_min_ipv4.aem4f : netsrv.oem4f (.text:ServiceSpawn)
                  0000ccf8    00000088     stk.aem4f : sockpcb.oem4f (.text:SockPcbCtlError)
                  0000cd80    00000088     sysbios.aem4f : BIOS.obj (.text:ti_sysbios_knl_Mailbox_post__E)
                  0000ce08    00000087     bluetooth_pem4f.oem4f (.text:ti_ndk_config_Global_NetworkIPAddr)
                  0000ce8f    00000001     --HOLE-- [fill = 0]
                  0000ce90    00000086     nettool_ipv4.aem4f : dhcpsm.oem4f (.text:StateRequesting)
                  0000cf16    00000086     rtsv7M4_T_le_v4SPD16_eabi.lib : fd_cmp_t2.asm.obj (.text:__aeabi_cdcmple)
                  0000cf9c    00000086                                   : fd_cmp_t2.asm.obj (.text:__aeabi_cdrcmple)
                  0000d022    00000002                                   : div0.asm.obj (.text)
                  0000d024    00000084     nettool_ipv4.aem4f : config.oem4f (.text:CfgGetEntry)
                  0000d0a8    00000084     drivers_tivaware.aem4f : EMACSnow.oem4f (.text:EMACSnow_processPhyInterrupt)
                  0000d12c    00000084     stk.aem4f : tcpprot.oem4f (.text:TcpPrAttach)
                  0000d1b0    00000084     os.aem4f : mem.oem4f (.text:mmBulkFree)
                  0000d234    00000084              : mem.oem4f (.text:mmFree)
                  0000d2b8    00000084     sysbios.aem4f : BIOS.obj (.text:ti_sysbios_family_arm_m3_Hwi_postInit__I)
                  0000d33c    00000082     nettool_ipv4.aem4f : dhcpsm.oem4f (.text:StateRenewRebind)
                  0000d3be    00000082     drivers_tivaware.aem4f : UARTTiva.oem4f (.text:readIsrTextCallback)
                  0000d440    00000080                            : EMACSnow.oem4f (.text:EMACSnow_emacStop)
                  0000d4c0    00000080                            : EMACSnow.oem4f (.text:EMACSnow_processPendingTx)
                  0000d540    00000080     stk.aem4f : lli.oem4f (.text:LLINew)
                  0000d5c0    00000080     netctrl_min_ipv4.aem4f : netsrv.oem4f (.text:NS_BootTask)
                  0000d640    00000080     stk.aem4f : pbm.oem4f (.text:PBM_alloc)
                  0000d6c0    00000080               : raw.oem4f (.text:RawOutput)
                  0000d740    0000007e               : fileuser.oem4f (.text:fdClose)
                  0000d7be    00000002     bluetooth_pem4f.oem4f (.text:ti_ndk_config_Global_NetworkClose)
                  0000d7c0    0000007c     nettool_ipv4.aem4f : config.oem4f (.text:CfgGetNextEntry)
                  0000d83c    0000007c     drivers_tivaware.aem4f : EMACSnow.oem4f (.text:EMACSnow_hwiIntFxn)
                  0000d8b8    0000007c     stk.aem4f : igmp.oem4f (.text:IGMPDoMCast)
                  0000d934    0000007c               : igmp.oem4f (.text:IGMPJoin)
                  0000d9b0    0000007c               : socket.oem4f (.text:NDK_setsockopt)
                  0000da2c    0000007c               : nimu.oem4f (.text:NIMURegister)
                  0000daa8    0000007c               : pbm.oem4f (.text:PBM_free)
                  0000db24    0000007c     nettool_ipv4.aem4f : inetaddr.oem4f (.text:inet_pton)
                  0000dba0    0000007c     sysbios.aem4f : BIOS.obj (.text:ti_sysbios_heaps_HeapMem_free__E)
                  0000dc1c    0000007a     drivers_tivaware.aem4f : UARTTiva.oem4f (.text:readTaskCallback)
                  0000dc96    0000007a     rtsv7M4_T_le_v4SPD16_eabi.lib : memset_t2.asm.obj (.text)
                  0000dd10    00000078     driverlib.lib : emac.obj (.text:EMACInit)
                  0000dd88    00000078     stk.aem4f : socket.oem4f (.text:NDK_sendto)
                  0000de00    00000078               : tcptime.oem4f (.text:TcpXmitTimer)
                  0000de78    00000078               : fileuser.oem4f (.text:fdOpenSession)
                  0000def0    00000078     os.aem4f : task.oem4f (.text:llExit)
                  0000df68    00000076     stk.aem4f : pipe.oem4f (.text:PipeSend)
                  0000dfde    00000002     bluetooth_pem4f.oem4f (.text:ti_ndk_config_Global_NetworkOpen)
                  0000dfe0    00000075     stk.aem4f : tcptime.oem4f (.text:TcpTimeoutSackRexmt)
                  0000e055    00000001     --HOLE-- [fill = 0]
                  0000e056    00000002     bluetooth_pem4f.oem4f (.text:ti_sysbios_BIOS_nullFunc__I)
                  0000e058    00000074     stk.aem4f : igmp.oem4f (.text:IGMPLeaveHostGroup)
                  0000e0cc    00000074               : nimu.oem4f (.text:NIMUShutdown)
                  0000e140    00000074               : raweth.oem4f (.text:RawEthRxPacket)
                  0000e1b4    00000074               : sockpcb.oem4f (.text:SockPcbConnect)
                  0000e228    00000074     sysbios.aem4f : BIOS.obj (.text:ti_sysbios_knl_Mailbox_pend__E)
                  0000e29c    00000072     os.aem4f : semaphore.oem4f (.text:SemCreateBinary)
                  0000e30e    00000070     stk.aem4f : socket.oem4f (.text:NDK_send)
                  0000e37e    00000002     bluetooth_pem4f.oem4f (.text:xdc_runtime_Startup_reset__I)
                  0000e380    00000070     stk.aem4f : rtable.oem4f (.text:RtFlush)
                  0000e3f0    00000070     netctrl_min_ipv4.aem4f : netsrv.oem4f (.text:SPConfig)
                  0000e460    00000070     stk.aem4f : sock.oem4f (.text:SockShutdown)
                  0000e4d0    00000070     nettool_ipv4.aem4f : dhcptags.oem4f (.text:dhcpDecodeType)
                  0000e540    00000070     sysbios.aem4f : BIOS.obj (.text:ti_sysbios_knl_Clock_workFunc__E)
                  0000e5b0    0000006e     stk.aem4f : socket.oem4f (.text:NDK_recv)
                  0000e61e    00000002     --HOLE-- [fill = 0]
                  0000e620    0000006e               : rtable.oem4f (.text:RtWalkNext)
                  0000e68e    0000006e               : sockpcb.oem4f (.text:SockPcbFindRaw)
                  0000e6fc    0000006e     rtsv7M4_T_le_v4SPD16_eabi.lib : _printfi.c.obj (.text:_mcpy)
                  0000e76a    0000006e                                   : ll_div_t2.asm.obj (.text)
                  0000e7d8    0000006d     stk.aem4f : node.oem4f (.text:NodeNew)
                  0000e845    00000003     --HOLE-- [fill = 0]
                  0000e848    0000006d     ti.targets.arm.rtsarm.aem4f : System.oem4f (.text:xdc_runtime_System_formatNum__I)
                  0000e8b5    00000003     --HOLE-- [fill = 0]
                  0000e8b8    0000006c     os.aem4f : ossys.oem4f (.text:DbgPrintf)
                  0000e924    0000006c     stk.aem4f : node.oem4f (.text:NodeTreeNew)
                  0000e990    0000006c               : raweth.oem4f (.text:RawEthTxPacket)
                  0000e9fc    0000006c               : udp.oem4f (.text:UdpChecksum)
                  0000ea68    0000006c     bluetooth_pem4f.oem4f (.text:ti_ndk_config_ip_init)
                  0000ead4    00000004     hal_ser_stub.aem4f : llserstb.oem4f (.text:_llSerialInit)
                  0000ead8    0000006c     sysbios.aem4f : BIOS.obj (.text:ti_sysbios_knl_Swi_restoreHwi__E)
                  0000eb44    0000006c     drivers_tivaware.aem4f : UARTTiva.oem4f (.text:writeData)
                  0000ebb0    0000006c     ti.targets.arm.rtsarm.aem4f : Error.oem4f (.text:xdc_runtime_Error_print__E)
                  0000ec1c    0000006c                                 : Memory.oem4f (.text:xdc_runtime_Memory_alloc__E)
                  0000ec88    0000006a     stk.aem4f : tcpprot.oem4f (.text:TcpPrInherit)
                  0000ecf2    00000068               : socket.oem4f (.text:NDK_socket)
                  0000ed5a    00000002     --HOLE-- [fill = 0]
                  0000ed5c    00000068               : pbm.oem4f (.text:PBM_open)
                  0000edc4    00000068               : rtable.oem4f (.text:_RtNodeInsert)
                  0000ee2c    00000068     rtsv7M4_T_le_v4SPD16_eabi.lib : copy_decompress_lzss.c.obj (.text:decompress:lzss:__TI_decompress_lzss)
                  0000ee94    00000066     ti.targets.arm.rtsarm.aem4f : Core-mem.oem4f (.text:xdc_runtime_Core_deleteObject__I)
                  0000eefa    00000002     --HOLE-- [fill = 0]
                  0000eefc    00000064     nettool_ipv4.aem4f : config.oem4f (.text:CfgFree)
                  0000ef60    00000064     drivers_tivaware.aem4f : GPIOTiva.oem4f (.text:GPIO_hwiIntFxn)
                  0000efc4    00000064     stk.aem4f : pbm.oem4f (.text:PBMQ_enq)
                  0000f028    00000064               : sockint.oem4f (.text:SockSpawnAbort)
                  0000f08c    00000064     rtsv7M4_T_le_v4SPD16_eabi.lib : s_frexp.c.obj (.text:frexp)
                  0000f0f0    00000064     hal_timer_bios.aem4f : lltimer.oem4f (.text:llTimerTick)
                  0000f154    00000064     bluetooth_pem4f.oem4f (.text:ti_sysbios_family_arm_m3_Hwi_create)
                  0000f1b8    00000064     sysbios.aem4f : BIOS.obj (.text:ti_sysbios_family_arm_m3_Hwi_dispatchC__I)
                  0000f21c    00000004     rtsv7M4_T_le_v4SPD16_eabi.lib : exit.c.obj (.text:abort:abort)
                  0000f220    00000064     sysbios.aem4f : BIOS.obj (.text:ti_sysbios_knl_Semaphore_post__E)
                  0000f284    00000064     stk.aem4f : lliin.oem4f (.text:updateRtTable)
                  0000f2e8    00000062               : ipin.oem4f (.text:IPRouteIP)
                  0000f34a    00000002     --HOLE-- [fill = 0]
                  0000f34c    00000062               : sb.oem4f (.text:SBNew)
                  0000f3ae    00000002     --HOLE-- [fill = 0]
                  0000f3b0    00000060     nettool_ipv4.aem4f : config.oem4f (.text:CfgGetEntryCnt)
                  0000f410    00000060     stk.aem4f : file.oem4f (.text:FdWaitEvent)
                  0000f470    00000060               : nimu.oem4f (.text:NIMUUnregister)
                  0000f4d0    00000060               : node.oem4f (.text:NodeFind)
                  0000f530    00000060               : rtc.oem4f (.text:RTCMsg)
                  0000f590    00000060               : tcp.oem4f (.text:TcpChecksum)
                  0000f5f0    00000060     nettool_ipv4.aem4f : dhcptags.oem4f (.text:dhcpBuildOptions)
                  0000f650    00000060     bluetooth_pem4f.oem4f (.text:ti_ndk_config_Global_serviceReport)
                  0000f6b0    0000005e     stk.aem4f : route.oem4f (.text:RtRemove)
                  0000f70e    0000005e     nettool_ipv4.aem4f : dhcpsm.oem4f (.text:StateSelecting)
                  0000f76c    0000005e     stk.aem4f : vlan.oem4f (.text:VLANReceivePacket)
                  0000f7ca    0000005e     drivers_tivaware.aem4f : UARTTiva.oem4f (.text:readIsrBinaryBlocking)
                  0000f828    0000005c     nettool_ipv4.aem4f : config.oem4f (.text:CfgSetExecuteOrder)
                  0000f884    0000005c     stk.aem4f : nimu.oem4f (.text:NIMUIoctlSpecialCmd)
                  0000f8e0    0000005c     netctrl_min_ipv4.aem4f : netsrv.oem4f (.text:SPService)
                  0000f93c    0000005c     bluetooth_pem4f.oem4f (.text:ti_sysbios_knl_Swi_create)
                  0000f998    0000005c     sysbios.aem4f : BIOS.obj (.text:ti_sysbios_knl_Swi_run__I)
                  0000f9f4    00000004     stk.aem4f : listlib.oem4f (.text:list_get_head)
                  0000f9f8    0000005c     sysbios.aem4f : BIOS.obj (.text:ti_sysbios_knl_Swi_schedule__I)
                  0000fa54    0000005c     bluetooth_pem4f.oem4f (.text:ti_sysbios_knl_Task_create)
                  0000fab0    0000005c     sysbios.aem4f : BIOS.obj (.text:ti_sysbios_knl_Task_unblockI__E)
                  0000fb0c    0000005b     ti.targets.arm.rtsarm.aem4f : Text.oem4f (.text:xdc_runtime_Text_putLab__E)
                  0000fb67    00000001     --HOLE-- [fill = 0]
                  0000fb68    0000005a     stk.aem4f : route.oem4f (.text:RtRedirect)
                  0000fbc2    0000005a               : tcpprot.oem4f (.text:TcpValidateMetrics)
                  0000fc1c    0000005a     nettool_ipv4.aem4f : dhcpbild.oem4f (.text:dhcpBuildDecline)
                  0000fc76    0000005a     os.aem4f : mem.oem4f (.text:mmCopy)
                  0000fcd0    0000005a     bluetooth_pem4f.oem4f (.text:ti_ndk_config_tcp_init)
                  0000fd2a    00000002     --HOLE-- [fill = 0]
                  0000fd2c    00000058     stk.aem4f : bind.oem4f (.text:BindFree)
                  0000fd84    00000058     boot.aem4f : boot.oem4f (.text)
                  0000fddc    00000058     driverlib.lib : emac.obj (.text:EMACPHYConfigSet)
                  0000fe34    00000058     rtsv7M4_T_le_v4SPD16_eabi.lib : hostwrite.c.obj (.text:HOSTwrite)
                  0000fe8c    00000058     stk.aem4f : igmp.oem4f (.text:IGMPTimer)
                  0000fee4    00000058     os.aem4f : semaphore.oem4f (.text:SemCreate)
                  0000ff3c    00000058     bluetooth_pem4f.oem4f (.text:ti_sysbios_family_arm_m3_Hwi_construct)
                  0000ff94    00000058     sysbios.aem4f : m3_Hwi_asm_switch.obj (.text:ti_sysbios_family_arm_m3_Hwi_initStacks__E)
                  0000ffec    00000056     driverlib.lib : gpio.obj (.text:GPIOIntTypeSet)
                  00010042    00000056     rtsv7M4_T_le_v4SPD16_eabi.lib : _printfi.c.obj (.text:_pconv_f)
                  00010098    00000054     nettool_ipv4.aem4f : config.oem4f (.text:CfgEntryDeRef)
                  000100ec    00000054     stk.aem4f : igmp.oem4f (.text:IGMPLeave)
                  00010140    00000054               : rawethsock_pcb.oem4f (.text:RawEthSockPcbAttach)
                  00010194    00000054               : sockpcb.oem4f (.text:SockCleanPcb)
                  000101e8    00000054               : tcptime.oem4f (.text:TcpTimeoutPersist)
                  0001023c    00000054     rtsv7M4_T_le_v4SPD16_eabi.lib : _ltoa.c.obj (.text:__TI_ltoa)
                  00010290    00000054     drivers_tivaware.aem4f : UARTTiva.oem4f (.text:readIsrBinaryCallback)
                  000102e4    00000004     stk.aem4f : listlib.oem4f (.text:list_get_next)
                  000102e8    00000054     sysbios.aem4f : BIOS.obj (.text:ti_sysbios_family_arm_lm4_Timer_initDevice__I)
                  0001033c    00000004     bluetooth_pem4f.oem4f (.text:ti_sysbios_BIOS_RtsGateProxy_enter__E)
                  00010340    00000054     sysbios.aem4f : BIOS.obj (.text:ti_sysbios_knl_Swi_Instance_init__E)
                  00010394    00000054     ti.targets.arm.rtsarm.aem4f : Assert.oem4f (.text:xdc_runtime_Assert_raise__I)
                  000103e8    00000052     stk.aem4f : tcpprot.oem4f (.text:TcpPrDetach)
                  0001043a    00000052     rtsv7M4_T_le_v4SPD16_eabi.lib : _printfi.c.obj (.text:_ecpy)
                  0001048c    00000050     drivers_tivaware.aem4f : GPIOTiva.oem4f (.text:GPIO_setCallback)
                  000104dc    00000050                            : GPIOTiva.oem4f (.text:GPIO_write)
                  0001052c    00000050     stk.aem4f : socket.oem4f (.text:NDK_bind)
                  0001057c    00000050               : socket.oem4f (.text:NDK_connect)
                  000105cc    00000050               : route.oem4f (.text:RtNew)
                  0001061c    00000050     driverlib.lib : sysctl.obj (.text:SysCtlPeripheralReset)
                  0001066c    00000050     drivers_tivaware.aem4f : UARTTiva.oem4f (.text:UARTTiva_writeCancel)
                  000106bc    00000050     Boot.aem4f : Boot_sysctl.oem4f (.text:_SysCtlFrequencyGet)
                  0001070c    00000004     bluetooth_pem4f.oem4f (.text:ti_sysbios_BIOS_RtsGateProxy_leave__E)
                  00010710    00000050     sysbios.aem4f : BIOS.obj (.text:ti_sysbios_family_arm_m3_Hwi_Module_startup__E)
                  00010760    00000050     ti.targets.arm.rtsarm.aem4f : Startup.oem4f (.text:xdc_runtime_Startup_exec__E)
                  000107b0    00000050                                 : Text.oem4f (.text:xdc_runtime_Text_visitRope2__I)
                  00010800    0000004e     stk.aem4f : node.oem4f (.text:NodeDeRef)
                  0001084e    0000004e     nettool_ipv4.aem4f : config.oem4f (.text:_CfgEntryScan)
                  0001089c    0000004c                        : ipaddr.oem4f (.text:NtAddNetwork)
                  000108e8    0000004c     stk.aem4f : sockint.oem4f (.text:SockValidateRoute)
                  00010934    0000004c     drivers_tivaware.aem4f : UARTTiva.oem4f (.text:UARTTiva_close)
                  00010980    0000004c     rtsv7M4_T_le_v4SPD16_eabi.lib : atoi.c.obj (.text:atoi)
                  000109cc    0000004c                                   : cpy_tbl.c.obj (.text:copy_in)
                  00010a18    0000004c                                   : snprintf.c.obj (.text:snprintf)
                  00010a64    00000004     sysbios.aem4f : BIOS.obj (.text:ti_sysbios_family_arm_lm4_Timer_masterEnable__I)
                  00010a68    0000004c                   : BIOS.obj (.text:ti_sysbios_heaps_HeapMem_getStats__E)
                  00010ab4    00000004     bluetooth_pem4f.oem4f (.text:ti_sysbios_family_arm_m3_Hwi_delete)
                  00010ab8    0000004c     sysbios.aem4f : BIOS.obj (.text:ti_sysbios_knl_Swi_runLoop__I)
                  00010b04    00000004     bluetooth_pem4f.oem4f (.text:ti_sysbios_family_arm_m3_Hwi_destruct)
                  00010b08    0000004c     sysbios.aem4f : BIOS.obj (.text:ti_sysbios_knl_Task_allBlockedFunction__I)
                  00010b54    0000004a     netctrl_min_ipv4.aem4f : netsrv.oem4f (.text:ServiceKill)
                  00010b9e    0000004a     stk.aem4f : sock.oem4f (.text:SockDisconnect)
                  00010be8    0000004a               : timer.oem4f (.text:TimerNew)
                  00010c32    00000048     nettool_ipv4.aem4f : config.oem4f (.text:CfgNew)
                  00010c7a    00000002     --HOLE-- [fill = 0]
                  00010c7c    00000048     driverlib.lib : gpio.obj (.text:GPIOPinConfigure)
                  00010cc4    00000048     stk.aem4f : lli.oem4f (.text:LLIMsg)
                  00010d0c    00000048               : node.oem4f (.text:NodeWalk)
                  00010d54    00000048               : rawethsock_pcb.oem4f (.text:RawEthSockPcbDetach)
                  00010d9c    00000048               : sockpcb.oem4f (.text:SockPcbResolveChain)
                  00010de4    00000048               : tcpprot.oem4f (.text:TcpDrop)
                  00010e2c    00000048               : lli.oem4f (.text:_LLIExpListInsert)
                  00010e74    00000048               : rtable.oem4f (.text:_RtExpListInsert)
                  00010ebc    00000048               : file.oem4f (.text:fdint_lockfd)
                  00010f04    00000048     rtsv7M4_T_le_v4SPD16_eabi.lib : fd_toi_t2.asm.obj (.text)
                  00010f4c    00000004     bluetooth_pem4f.oem4f (.text:ti_sysbios_family_arm_m3_TaskSupport_Module__startupDone__S)
                  00010f50    00000048     sysbios.aem4f : BIOS.obj (.text:ti_sysbios_family_arm_lm4_Timer_enableTimers__I)
                  00010f98    00000048                   : BIOS.obj (.text:ti_sysbios_family_arm_m3_Hwi_disableInterrupt__E)
                  00010fe0    00000048                   : BIOS.obj (.text:ti_sysbios_family_arm_m3_Hwi_enableInterrupt__E)
                  00011028    00000048                   : BIOS.obj (.text:ti_sysbios_family_arm_m3_Hwi_excReserved__I)
                  00011070    00000048                   : BIOS.obj (.text:ti_sysbios_knl_Mailbox_Module_startup__E)
                  000110b8    00000048                   : BIOS.obj (.text:ti_sysbios_knl_Task_deleteTerminatedTasksFunc__I)
                  00011100    00000046     nettool_ipv4.aem4f : ipaddr.oem4f (.text:NtIfIdx2Ip)
                  00011146    00000046     stk.aem4f : rawethsock.oem4f (.text:RawEthSockSend)
                  0001118c    00000046     drivers_tivaware.aem4f : RingBuf.oem4f (.text:RingBuf_put)
                  000111d2    00000046     stk.aem4f : tcpprot.oem4f (.text:TcpPrCtlError)
                  00011218    00000046     os.aem4f : mem.oem4f (.text:mmZeroInit)
                  0001125e    00000046     ti.targets.arm.rtsarm.aem4f : Core-params.oem4f (.text:xdc_runtime_Core_assignParams__I)
                  000112a4    00000044     drivers_tivaware.aem4f : EMACSnow.oem4f (.text:EMACSnow_processTransmitted)
                  000112e8    00000044     stk.aem4f : icmp.oem4f (.text:ICMPChecksum)
                  0001132c    00000044               : ipfrag.oem4f (.text:IPReasmFree)
                  00011370    00000044               : lli.oem4f (.text:LLIGetValidTime)
                  000113b4    00000044               : rtable.oem4f (.text:RouteMsg)
                  000113f8    00000044               : rtable.oem4f (.text:RtWalkEnd)
                  0001143c    00000044               : sockpcb.oem4f (.text:SockPcbDetach)
                  00011480    00000044               : timer.oem4f (.text:TimerListInsert)
                  000114c4    00000044     hal_timer_bios.aem4f : lltimer.oem4f (.text:llTimerGetTime)
                  00011508    00000044     sysbios.aem4f : BIOS.obj (.text:ti_sysbios_family_arm_lm4_Timer_isrStub__E)
                  0001154c    00000004     bluetooth_pem4f.oem4f (.text:ti_sysbios_heaps_HeapMem_Module_GateProxy_enter__E)
                  00011550    00000044     sysbios.aem4f : BIOS.obj (.text:ti_sysbios_family_arm_m3_Hwi_getStackInfo__E)
                  00011594    00000004     bluetooth_pem4f.oem4f (.text:ti_sysbios_heaps_HeapMem_Module_GateProxy_leave__E)
                  00011598    00000044     sysbios.aem4f : BIOS.obj (.text:ti_sysbios_knl_Swi_post__E)
                  000115dc    00000044     ti.targets.arm.rtsarm.aem4f : Error.oem4f (.text:xdc_runtime_Error_setX__E)
                  00011620    00000044                                 : SysMin.oem4f (.text:xdc_runtime_SysMin_flush__E)
                  00011664    00000044                                 : Text.oem4f (.text:xdc_runtime_Text_xprintf__I)
                  000116a8    00000042     stk.aem4f : tcpprot.oem4f (.text:TcpPrSendOOB)
                  000116ea    00000042     driverlib.lib : uart.obj (.text:UARTConfigSetExpClk)
                  0001172c    00000042     drivers_tivaware.aem4f : UARTTiva.oem4f (.text:UARTTiva_hwiIntFxn)
                  0001176e    00000042                            : UARTTiva.oem4f (.text:UARTTiva_writePolling)
                  000117b0    00000042     stk.aem4f : fileuser.oem4f (.text:fdCloseSession)
                  000117f2    00000002     --HOLE-- [fill = 0]
                  000117f4    00000040               : lliin.oem4f (.text:LLIValidateRoute)
                  00011834    00000040               : pbm.oem4f (.text:PBM_copy)
                  00011874    00000040     drivers_tivaware.aem4f : RingBuf.oem4f (.text:RingBuf_get)
                  000118b4    00000040     stk.aem4f : sockpcb.oem4f (.text:SockPcbRtChange)
                  000118f4    00000040               : tcpprot.oem4f (.text:TcpPrSend)
                  00011934    00000040     drivers_tivaware.aem4f : UARTTiva.oem4f (.text:UARTTiva_read)
                  00011974    00000040     rtsv7M4_T_le_v4SPD16_eabi.lib : u_divt2.asm.obj (.text)
                  000119b4    00000040                                   : sprintf.c.obj (.text:sprintf)
                  000119f4    00000004     bluetooth_pem4f.oem4f (.text:ti_sysbios_knl_Clock_TimerProxy_getMaxTicks__E)
                  000119f8    00000040     sysbios.aem4f : BIOS.obj (.text:ti_sysbios_family_arm_lm4_Timer_Module_startup__E)
                  00011a38    00000040                   : BIOS.obj (.text:ti_sysbios_family_arm_lm4_Timer_startup__E)
                  00011a78    00000040                   : BIOS.obj (.text:ti_sysbios_heaps_HeapMem_Instance_init__E)
                  00011ab8    0000003e     nettool_ipv4.aem4f : dhcpmain.oem4f (.text:DHCPClose)
                  00011af6    00000002     --HOLE-- [fill = 0]
                  00011af8    0000003e     stk.aem4f : nimu.oem4f (.text:NIMUAllocateName)
                  00011b36    0000003e     os.aem4f : task.oem4f (.text:TaskCreate)
                  00011b74    0000003e     stk.aem4f : tcpprot.oem4f (.text:TcpPrDisconnect)
                  00011bb2    0000003e     rtsv7M4_T_le_v4SPD16_eabi.lib : _printfi.c.obj (.text:_fcpy)
                  00011bf0    0000003e     stk.aem4f : file.oem4f (.text:fdint_unlockfd)
                  00011c2e    0000003c     nettool_ipv4.aem4f : config.oem4f (.text:CfgEntryGetData)
                  00011c6a    0000003c     driverlib.lib : emac.obj (.text:EMACIntDisable)
                  00011ca6    0000003c     stk.aem4f : node.oem4f (.text:NodeUpdatePL)
                  00011ce2    00000002     --HOLE-- [fill = 0]
                  00011ce4    0000003c               : rtable.oem4f (.text:RtWalkBegin)
                  00011d20    0000003c               : tcpprot.oem4f (.text:TcpPrConnect)
                  00011d5c    0000003c               : tcptime.oem4f (.text:TcpSetPersist)
                  00011d98    0000003c               : rtc.oem4f (.text:_RTCSendRtAdv)
                  00011dd4    0000003c               : rtable.oem4f (.text:_RtNodeRemove)
                  00011e10    0000003c     hal_timer_bios.aem4f : lltimer.oem4f (.text:_llTimerInit)
                  00011e4c    00000004     bluetooth_pem4f.oem4f (.text:ti_sysbios_knl_Clock_destruct)
                  00011e50    0000003c     sysbios.aem4f : BIOS.obj (.text:ti_sysbios_family_arm_m3_Hwi_excSvCall__I)
                  00011e8c    00000004     bluetooth_pem4f.oem4f (.text:ti_sysbios_knl_Queue_destruct)
                  00011e90    0000003c     sysbios.aem4f : BIOS.obj (.text:ti_sysbios_heaps_HeapMem_init__I)
                  00011ecc    00000004     bluetooth_pem4f.oem4f (.text:ti_sysbios_knl_Semaphore_delete)
                  00011ed0    0000003c     sysbios.aem4f : BIOS.obj (.text:ti_sysbios_knl_Clock_Instance_init__E)
                  00011f0c    00000004     bluetooth_pem4f.oem4f (.text:ti_sysbios_knl_Semaphore_destruct)
                  00011f10    0000003c     sysbios.aem4f : BIOS.obj (.text:ti_sysbios_knl_Swi_restore__E)
                  00011f4c    0000003a     driverlib.lib : emac.obj (.text:EMACIntEnable)
                  00011f86    00000002     --HOLE-- [fill = 0]
                  00011f88    00000039     bluetooth.obj (.text:printError)
                  00011fc1    00000003     --HOLE-- [fill = 0]
                  00011fc4    00000038     driverlib.lib : emac.obj (.text:EMACConfigGet)
                  00011ffc    00000038     stk.aem4f : ipfrag.oem4f (.text:IPReasmTimeout)
                  00012034    00000038               : node.oem4f (.text:NodeGetRt)
                  0001206c    00000038     driverlib.lib : sysctl.obj (.text:SysCtlPeripheralReady)
                  000120a4    00000038     stk.aem4f : tcpprot.oem4f (.text:TcpClose)
                  000120dc    00000038               : timer.oem4f (.text:TimerHSTick)
                  00012114    00000038     drivers_tivaware.aem4f : UART.oem4f (.text:UART_init)
                  0001214c    00000038     rtsv7M4_T_le_v4SPD16_eabi.lib : trgmsg.c.obj (.text:__TI_writemsg)
                  00012184    00000038     nettool_ipv4.aem4f : dhcpbild.oem4f (.text:dhcpBuildDiscover)
                  000121bc    00000038                        : dhcptags.oem4f (.text:dhcpOptionsClear)
                  000121f4    00000038     stk.aem4f : file.oem4f (.text:fdint_waitevent)
                  0001222c    00000004     bluetooth_pem4f.oem4f (.text:ti_sysbios_knl_Swi_delete)
                  00012230    00000038     sysbios.aem4f : BIOS.obj (.text:ti_sysbios_family_arm_m3_Hwi_excNoIsr__I)
                  00012268    00000038     bluetooth_pem4f.oem4f (.text:ti_sysbios_knl_Clock_create)
                  000122a0    00000038     ti.targets.arm.rtsarm.aem4f : SysMin.oem4f (.text:xdc_runtime_SysMin_putch__E)
                  000122d8    00000038                                 : System.oem4f (.text:xdc_runtime_System_atexit__E)
                  00012310    00000036     stk.aem4f : ip.oem4f (.text:IPChecksum)
                  00012346    00000036     drivers_tivaware.aem4f : UARTTiva.oem4f (.text:UARTTiva_readCancel)
                  0001237c    00000034     nettool_ipv4.aem4f : config.oem4f (.text:CfgSetService)
                  000123b0    00000034     driverlib.lib : emac.obj (.text:EMACConfigSet)
                  000123e4    00000034                   : emac.obj (.text:EMACIntClear)
                  00012418    00000034     drivers_tivaware.aem4f : EMACSnow.oem4f (.text:EMACSnow_emacPoll)
                  0001244c    00000034                            : EMACSnow.oem4f (.text:EMACSnow_isLinkUp)
                  00012480    00000034                            : EMAC.oem4f (.text:EMAC_init)
                  000124b4    00000034     stk.aem4f : exec.oem4f (.text:ExecClose)
                  000124e8    00000034               : nimu.oem4f (.text:NIMUFindByName)
                  0001251c    00000034               : nimu.oem4f (.text:NIMUInit)
                  00012550    00000034               : rawethsock.oem4f (.text:RawEthSockNotify)
                  00012584    00000034               : sockprot.oem4f (.text:SockPrCtlError)
                  000125b8    00000034     driverlib.lib : sysctl.obj (.text:SysCtlPeripheralEnable)
                  000125ec    00000034     rtsv7M4_T_le_v4SPD16_eabi.lib : trgmsg.c.obj (.text:__TI_readmsg)
                  00012620    00000034     os.aem4f : mem.oem4f (.text:mmUnInitPage)
                  00012654    00000004     bluetooth_pem4f.oem4f (.text:ti_sysbios_knl_Task_delete)
                  00012658    00000034     sysbios.aem4f : BIOS.obj (.text:ti_sysbios_family_arm_m3_Hwi_Instance_finalize__E)
                  0001268c    00000004     ti.targets.arm.rtsarm.aem4f : Error.oem4f (.text:xdc_runtime_Error_getMsg__E)
                  00012690    00000034     sysbios.aem4f : BIOS.obj (.text:ti_sysbios_family_arm_m3_Hwi_excNmi__I)
                  000126c4    00000004     ti.targets.arm.rtsarm.aem4f : Error.oem4f (.text:xdc_runtime_Error_getSite__E)
                  000126c8    00000034     sysbios.aem4f : BIOS.obj (.text:ti_sysbios_hal_Hwi_checkStack)
                  000126fc    00000034     bluetooth_pem4f.oem4f (.text:ti_sysbios_knl_Clock_construct)
                  00012730    00000034     bluetooth_pem4f.oem4f (.text:ti_sysbios_knl_Semaphore_create)
                  00012764    00000034     ti.targets.arm.rtsarm.aem4f : Core-label.oem4f (.text:xdc_runtime_Core_assignLabel__I)
                  00012798    00000033                                 : Text.oem4f (.text:xdc_runtime_Text_printVisFxn__I)
                  000127cb    00000001     --HOLE-- [fill = 0]
                  000127cc    00000032     nettool_ipv4.aem4f : config.oem4f (.text:CfgGetImmediate)
                  000127fe    00000032     stk.aem4f : route.oem4f (.text:RtDeRef)
                  00012830    00000032               : route.oem4f (.text:RtSetFailure)
                  00012862    00000032               : sb.oem4f (.text:SBFlush)
                  00012894    00000032               : sb.oem4f (.text:SBSetMax)
                  000128c6    00000032               : sock.oem4f (.text:SockIntAbort)
                  000128f8    00000032     nettool_ipv4.aem4f : config.oem4f (.text:_CfgAcquire)
                  0001292a    00000032                        : dhcpsm.oem4f (.text:dhcpIPRemove)
                  0001295c    00000004     bluetooth_pem4f.oem4f (.text:xdc_runtime_System_Module_GateProxy_enter__E)
                  00012960    00000032     sysbios.aem4f : BIOS.obj (.text:ti_sysbios_hal_Hwi_initStack)
                  00012992    00000006     driverlib.lib : emac.obj (.text:EMACRxDMADescriptorListSet)
                  00012998    00000032     sysbios.aem4f : BIOS.obj (.text:ti_sysbios_knl_Event_pendTimeout__I)
                  000129ca    00000006     driverlib.lib : emac.obj (.text:EMACTxDMADescriptorListSet)
                  000129d0    00000032     sysbios.aem4f : BIOS.obj (.text:ti_sysbios_knl_Semaphore_pendTimeout__I)
                  00012a02    00000030     driverlib.lib : emac.obj (.text:EMACAddrSet)
                  00012a32    00000002     --HOLE-- [fill = 0]
                  00012a34    00000030     drivers_tivaware.aem4f : EMACSnow.oem4f (.text:EMACSnow_handlePackets)
                  00012a64    00000030     netctrl_min_ipv4.aem4f : netsrv.oem4f (.text:NS_PreBoot)
                  00012a94    00000030     stk.aem4f : sock.oem4f (.text:SockBind)
                  00012ac4    00000030     drivers_tivaware.aem4f : UART.oem4f (.text:UART_open)
                  00012af4    00000030     rtsv7M4_T_le_v4SPD16_eabi.lib : snprintf.c.obj (.text:_outs)
                  00012b24    00000030     nettool_ipv4.aem4f : dhcpsock.oem4f (.text:dhcpPacketSend)
                  00012b54    00000030     stk.aem4f : listlib.oem4f (.text:list_remove_node)
                  00012b84    00000030     bluetooth_pem4f.oem4f (.text:ti_sysbios_BIOS_atExitFunc__I)
                  00012bb4    00000004     bluetooth_pem4f.oem4f (.text:xdc_runtime_System_Module_GateProxy_leave__E)
                  00012bb8    00000030     sysbios.aem4f : BIOS.obj (.text:ti_sysbios_family_arm_lm4_Timer_stop__E)
                  00012be8    00000030                   : BIOS.obj (.text:ti_sysbios_family_arm_m3_TaskSupport_start__E)
                  00012c18    00000030     bluetooth_pem4f.oem4f (.text:ti_sysbios_gates_GateHwi_Object__create__S)
                  00012c48    00000030     bluetooth_pem4f.oem4f (.text:ti_sysbios_gates_GateMutex_Object__create__S)
                  00012c78    00000030     sysbios.aem4f : BIOS.obj (.text:ti_sysbios_gates_GateMutex_enter__E)
                  00012ca8    00000030     bluetooth_pem4f.oem4f (.text:ti_sysbios_heaps_HeapMem_Object__create__S)
                  00012cd8    00000030     sysbios.aem4f : BIOS.obj (.text:ti_sysbios_knl_Mailbox_postInit__I)
                  00012d08    00000030     bluetooth_pem4f.oem4f (.text:ti_sysbios_knl_Semaphore_construct)
                  00012d38    00000030     sysbios.aem4f : BIOS.obj (.text:ti_sysbios_knl_Task_processVitalTaskFlag__I)
                  00012d68    00000030     ti.targets.arm.rtsarm.aem4f : SysMin.oem4f (.text:xdc_runtime_SysMin_abort__E)
                  00012d98    00000030                                 : System.oem4f (.text:xdc_runtime_System_processAtExit__E)
                  00012dc8    0000002e     stk.aem4f : sb.oem4f (.text:SBFree)
                  00012df6    0000002e     rtsv7M4_T_le_v4SPD16_eabi.lib : i_tofd_t2.asm.obj (.text)
                  00012e24    0000002c     EK_TM4C1294XL.obj (.text:EK_TM4C1294XL_initUART)
                  00012e50    0000002c     driverlib.lib : emac.obj (.text:EMACIntStatus)
                  00012e7c    0000002c     stk.aem4f : file.oem4f (.text:FdSignalEvent)
                  00012ea8    0000002c               : igmp.oem4f (.text:IGMPTestGroup)
                  00012ed4    0000002c     os.aem4f : task.oem4f (.text:NDK_hookCreate)
                  00012f00    0000002c     stk.aem4f : nimu.oem4f (.text:NIMUAllocateIndex)
                  00012f2c    0000002c               : nimu.oem4f (.text:NIMUPacketServiceCheck)
                  00012f58    0000002c               : pipe.oem4f (.text:PipeClose)
                  00012f84    0000002c               : sockpcb.oem4f (.text:SockPcbAttach)
                  00012fb0    0000002c               : lli.oem4f (.text:_LLIExpListRemove)
                  00012fdc    0000002c               : lli.oem4f (.text:_LLITimeoutFlush)
                  00013008    0000002c               : rtable.oem4f (.text:_RtExpListRemove)
                  00013034    0000002c     bluetooth_pem4f.oem4f (.text:ti_sysbios_knl_Clock_doTick__I)
                  00013060    0000002c     bluetooth_pem4f.oem4f (.text:ti_sysbios_knl_Queue_construct)
                  0001308c    00000004     ti.targets.arm.rtsarm.aem4f : System.oem4f (.text:xdc_runtime_System_aprintf_va__F)
                  00013090    0000002c     sysbios.aem4f : BIOS.obj (.text:ti_sysbios_knl_Task_restore__E)
                  000130bc    0000002c     ti.targets.arm.rtsarm.aem4f : Text.oem4f (.text:xdc_runtime_Text_cordText__E)
                  000130e8    0000002a     driverlib.lib : gpio.obj (.text:GPIODirModeSet)
                  00013112    0000002a     stk.aem4f : pbm.oem4f (.text:PBMQ_deq)
                  0001313c    0000002a     netctrl_min_ipv4.aem4f : netsrv.oem4f (.text:ServiceCallback)
                  00013166    0000002a     nettool_ipv4.aem4f : config.oem4f (.text:_CfgRelease)
                  00013190    0000002a     ti.targets.arm.rtsarm.aem4f : System.oem4f (.text:xdc_runtime_System_putchar__I)
                  000131ba    00000002     --HOLE-- [fill = 0]
                  000131bc    00000028     stk.aem4f : bind.oem4f (.text:BindFindByNet)
                  000131e4    00000028               : lli.oem4f (.text:LLIFree)
                  0001320c    00000028     netctrl_min_ipv4.aem4f : netctrl.oem4f (.text:NC_SystemClose)
                  00013234    00000028     stk.aem4f : nimu.oem4f (.text:NIMUCreatePacket)
                  0001325c    00000028               : nimu.oem4f (.text:NIMUPacketService)
                  00013284    00000028               : tcpin.oem4f (.text:TcpEnterTimeWait)
                  000132ac    00000028               : timer.oem4f (.text:TimerListRemove)
                  000132d4    00000028               : vlan.oem4f (.text:VLANFindSourceInterface)
                  000132fc    00000028               : vlan.oem4f (.text:VLANInit)
                  00013324    00000028     nettool_ipv4.aem4f : dhcpsock.oem4f (.text:dhcpPacketReceive)
                  0001334c    00000028     drivers_tivaware.aem4f : EMACSnow.oem4f (.text:signalLinkChange)
                  00013374    00000004     ti.targets.arm.rtsarm.aem4f : System.oem4f (.text:xdc_runtime_System_printf_va__F)
                  00013378    00000028     sysbios.aem4f : BIOS.obj (.text:ti_sysbios_knl_Clock_addI__E)
                  000133a0    00000028                   : BIOS.obj (.text:ti_sysbios_knl_Swi_Module_startup__E)
                  000133c8    00000026     nettool_ipv4.aem4f : config.oem4f (.text:CfgEntryInfo)
                  000133ee    00000026     driverlib.lib : emac.obj (.text:EMACPHYRead)
                  00013414    00000026                   : emac.obj (.text:EMACPHYWrite)
                  0001343a    00000026     stk.aem4f : rawethsock.oem4f (.text:RawEthSockClose)
                  00013460    00000026     sysbios.aem4f : m3_Hwi_asm.obj (.text:ti_sysbios_family_arm_m3_Hwi_pendSV__I)
                  00013486    00000026     ti.targets.arm.rtsarm.aem4f : System.oem4f (.text:xdc_runtime_System_avprintf__E)
                  000134ac    00000024     stk.aem4f : bind.oem4f (.text:BindFindByHost)
                  000134d0    00000024               : bind.oem4f (.text:BindGetIFByDBCast)
                  000134f4    00000024     drivers_tivaware.aem4f : EMACSnow.oem4f (.text:EMACSnow_pkt_service)
                  00013518    00000024                            : EMACSnow.oem4f (.text:EMACSnow_primeRx)
                  0001353c    00000024     stk.aem4f : exec.oem4f (.text:ExecTimer)
                  00013560    00000024               : nimu.oem4f (.text:NIMUFindByIndex)
                  00013584    00000024               : rtc.oem4f (.text:RTCAddHook)
                  000135a8    00000024               : rawethsock_pcb.oem4f (.text:RawEthSockPcbFind)
                  000135cc    00000024               : route.oem4f (.text:RtFree)
                  000135f0    00000024               : route.oem4f (.text:RtSetTimeout)
                  00013614    00000024               : sockpcb.oem4f (.text:SockPcbCleanup)
                  00013638    00000024               : tcptime.oem4f (.text:TcpTimeoutWait2)
                  0001365c    00000024     nettool_ipv4.aem4f : config.oem4f (.text:_CfgEntryProcess)
                  00013680    00000024     bluetooth_pem4f.oem4f (.text:ti_sysbios_BIOS_errorRaiseHook__I)
                  000136a4    00000024     bluetooth_pem4f.oem4f (.text:ti_sysbios_BIOS_registerRTSLock__I)
                  000136c8    00000024     bluetooth_pem4f.oem4f (.text:ti_sysbios_BIOS_removeRTSLock__I)
                  000136ec    00000024     bluetooth_pem4f.oem4f (.text:ti_sysbios_BIOS_startFunc__I)
                  00013710    00000024     bluetooth_pem4f.oem4f (.text:ti_sysbios_gates_GateMutex_Object__delete__S)
                  00013734    00000004     --HOLE-- [fill = 0]
                  00013738    00000024     sysbios.aem4f : BIOS.obj (.text:ti_sysbios_knl_Clock_Module_startup__E)
                  0001375c    00000004     --HOLE-- [fill = 0]
                  00013760    00000024                   : BIOS.obj (.text:ti_sysbios_knl_Clock_start__E)
                  00013784    00000004     --HOLE-- [fill = 0]
                  00013788    00000024                   : BIOS.obj (.text:ti_sysbios_knl_Semaphore_Instance_init__E)
                  000137ac    00000024     bluetooth_pem4f.oem4f (.text:ti_sysbios_knl_Semaphore_Object__delete__S)
                  000137d0    00000024     sysbios.aem4f : BIOS.obj (.text:ti_sysbios_knl_Task_restoreHwi__E)
                  000137f4    00000024     ti.targets.arm.rtsarm.aem4f : System.oem4f (.text:xdc_runtime_System_vprintf__E)
                  00013818    00000022     nettool_ipv4.aem4f : config.oem4f (.text:CfgEntryRef)
                  0001383a    00000022     stk.aem4f : vlan.oem4f (.text:VLANFindNode)
                  0001385c    00000004     --HOLE-- [fill = 0]
                  00013860    00000022     sysbios.aem4f : BIOS.obj (.text:ti_sysbios_family_arm_lm4_Timer_write__I)
                  00013882    00000022     bluetooth_pem4f.oem4f (.text:xdc_runtime_SysMin_output__I)
                  000138a4    00000020     netctrl_min_ipv4.aem4f : netctrl.oem4f (.text:NC_BootComplete)
                  000138c4    00000020     stk.aem4f : nimu.oem4f (.text:NIMUGetNumOfObject)
                  000138e4    00000020               : rtc.oem4f (.text:RTCRemoveHook)
                  00013904    00000020               : tcp.oem4f (.text:TcpTimeoutRemove)
                  00013924    00000020     Boot.aem4f : Boot_sysctl.oem4f (.text:_SysCtlMemTimingGet)
                  00013944    00000020     bluetooth_pem4f.oem4f (.text:ti_sysbios_BIOS_rtsLock__I)
                  00013964    00000004     --HOLE-- [fill = 0]
                  00013968    00000020     sysbios.aem4f : BIOS.obj (.text:ti_sysbios_family_arm_lm4_Timer_postInit__I)
                  00013988    00000020     bluetooth_pem4f.oem4f (.text:ti_sysbios_family_arm_m3_Hwi_Object__delete__S)
                  000139a8    00000020     sysbios.aem4f : m3_Hwi_asm.obj (.text:ti_sysbios_family_arm_m3_Hwi_excHandlerAsm__I)
                  000139c8    00000020                   : BIOS.obj (.text:ti_sysbios_family_arm_m3_Hwi_excHandler__I)
                  000139e8    00000020     bluetooth_pem4f.oem4f (.text:ti_sysbios_gates_GateHwi_Object__delete__S)
                  00013a08    00000020     bluetooth_pem4f.oem4f (.text:ti_sysbios_heaps_HeapMem_Object__delete__S)
                  00013a28    00000020     bluetooth_pem4f.oem4f (.text:ti_sysbios_knl_Clock_Object__destruct__S)
                  00013a48    00000020     sysbios.aem4f : BIOS.obj (.text:ti_sysbios_knl_Idle_run__E)
                  00013a68    00000020     bluetooth_pem4f.oem4f (.text:ti_sysbios_knl_Semaphore_Object__destruct__S)
                  00013a88    00000020     bluetooth_pem4f.oem4f (.text:ti_sysbios_knl_Swi_Object__delete__S)
                  00013aa8    00000020     bluetooth_pem4f.oem4f (.text:ti_sysbios_knl_Task_Object__delete__S)
                  00013ac8    00000020     ti.targets.arm.rtsarm.aem4f : Registry.oem4f (.text:xdc_runtime_Registry_findById__E)
                  00013ae8    00000020                                 : SysMin.oem4f (.text:xdc_runtime_SysMin_Module_startup__E)
                  00013b08    0000001e     stk.aem4f : listlib.oem4f (.text:list_remove)
                  00013b26    0000001e     bluetooth.obj (.text:recv)
                  00013b44    0000001e     bluetooth.obj (.text:send)
                  00013b62    0000001e     rtsv7M4_T_le_v4SPD16_eabi.lib : strcat.c.obj (.text:strcat)
                  00013b80    0000001e     sysbios.aem4f : m3_Hwi_asm_switch.obj (.text:ti_sysbios_family_xxx_Hwi_switchAndRunFunc)
                  00013b9e    00000002     --HOLE-- [fill = 0]
                  00013ba0    0000001c     stk.aem4f : bind.oem4f (.text:BindFindByIF)
                  00013bbc    0000001c               : exec.oem4f (.text:ExecBroadcast)
                  00013bd8    0000001c     os.aem4f : ossys.oem4f (.text:NDK_sprintf)
                  00013bf4    0000001c     stk.aem4f : nimu.oem4f (.text:NIMUAddHeader)
                  00013c10    0000001c               : sockprot.oem4f (.text:SockPrDetach)
                  00013c2c    0000001c     os.aem4f : task.oem4f (.text:TaskDestroy)
                  00013c48    0000001c     driverlib.lib : uart.obj (.text:UARTDisable)
                  00013c64    0000001c     drivers_tivaware.aem4f : GPIOTiva.oem4f (.text:getGpioIntIndex)
                  00013c80    0000001c     rtsv7M4_T_le_v4SPD16_eabi.lib : memccpy.c.obj (.text:memccpy)
                  00013c9c    0000001c     bluetooth_pem4f.oem4f (.text:ti_ndk_config_global_taskCreateHook)
                  00013cb8    0000001c     bluetooth_pem4f.oem4f (.text:ti_sysbios_family_arm_m3_Hwi_Object__destruct__S)
                  00013cd4    00000004     --HOLE-- [fill = 0]
                  00013cd8    0000001c     sysbios.aem4f : BIOS.obj (.text:ti_sysbios_gates_GateMutex_Instance_init__E)
                  00013cf4    00000004     --HOLE-- [fill = 0]
                  00013cf8    0000001c                   : BIOS.obj (.text:ti_sysbios_knl_Clock_Instance_finalize__E)
                  00013d14    0000001c     bluetooth_pem4f.oem4f (.text:ti_sysbios_knl_Queue_Object__destruct__S)
                  00013d30    0000001c     sysbios.aem4f : BIOS.obj (.text:ti_sysbios_knl_Queue_get__E)
                  00013d4c    00000004     --HOLE-- [fill = 0]
                  00013d50    0000001c                   : BIOS.obj (.text:ti_sysbios_knl_Queue_put__E)
                  00013d6c    00000004     --HOLE-- [fill = 0]
                  00013d70    0000001c                   : BIOS.obj (.text:ti_sysbios_knl_Task_enter__I)
                  00013d8c    0000001c     ti.targets.arm.rtsarm.aem4f : Error.oem4f (.text:xdc_runtime_Error_raiseX__E)
                  00013da8    0000001c                                 : Memory.oem4f (.text:xdc_runtime_Memory_valloc__E)
                  00013dc4    0000001c                                 : SysMin.oem4f (.text:xdc_runtime_SysMin_exit__E)
                  00013de0    0000001c                                 : System.oem4f (.text:xdc_runtime_System_abort__E)
                  00013dfc    0000001a     stk.aem4f : bind.oem4f (.text:BindGetIP)
                  00013e16    0000001a               : sockint.oem4f (.text:SockSetOOBMark)
                  00013e30    0000001a     rtsv7M4_T_le_v4SPD16_eabi.lib : s_copysign.c.obj (.text:copysign)
                  00013e4a    0000001a     stk.aem4f : file.oem4f (.text:fdint_getfdt)
                  00013e64    0000001a     bluetooth_pem4f.oem4f (.text:ti_sysbios_family_arm_m3_Hwi_Handle__label__S)
                  00013e7e    0000001a     bluetooth_pem4f.oem4f (.text:ti_sysbios_gates_GateHwi_Handle__label__S)
                  00013e98    0000001a     bluetooth_pem4f.oem4f (.text:ti_sysbios_gates_GateMutex_Handle__label__S)
                  00013eb2    0000001a     bluetooth_pem4f.oem4f (.text:ti_sysbios_heaps_HeapMem_Handle__label__S)
                  00013ecc    0000001a     bluetooth_pem4f.oem4f (.text:ti_sysbios_knl_Swi_Handle__label__S)
                  00013ee6    0000001a     bluetooth_pem4f.oem4f (.text:ti_sysbios_knl_Task_Handle__label__S)
                  00013f00    0000001a     sysbios.aem4f : BIOS.obj (.text:ti_sysbios_knl_Task_sleepTimeout__I)
                  00013f1a    0000001a     bluetooth_pem4f.oem4f (.text:xdc_runtime_System_aprintf__E)
                  00013f34    0000001a     bluetooth_pem4f.oem4f (.text:xdc_runtime_System_printf__E)
                  00013f4e    00000002     --HOLE-- [fill = 0]
                  00013f50    00000018     drivers_tivaware.aem4f : EMACSnow.oem4f (.text:EMACSnow_emacSend)
                  00013f68    00000018     stk.aem4f : ip.oem4f (.text:IPRtChange)
                  00013f80    00000018               : rawethsock_pcb.oem4f (.text:RawEthSockPcbCleanup)
                  00013f98    00000018     nettool_ipv4.aem4f : ipaddr.oem4f (.text:RouteHook)
                  00013fb0    00000018     stk.aem4f : tcpin.oem4f (.text:SEQ_GEQ)
                  00013fc8    00000018               : tcpout.oem4f (.text:SEQ_GEQ)
                  00013fe0    00000018               : tcpin.oem4f (.text:SEQ_GT)
                  00013ff8    00000018               : tcpout.oem4f (.text:SEQ_GT)
                  00014010    00000018               : tcpin.oem4f (.text:SEQ_LEQ)
                  00014028    00000018               : tcpout.oem4f (.text:SEQ_LEQ)
                  00014040    00000018               : tcpin.oem4f (.text:SEQ_LT)
                  00014058    00000018               : tcpout.oem4f (.text:SEQ_LT)
                  00014070    00000018               : tcp.oem4f (.text:TcpTimeoutAdd)
                  00014088    00000018     drivers_tivaware.aem4f : UART.oem4f (.text:UART_Params_init)
                  000140a0    00000018     rtsv7M4_T_le_v4SPD16_eabi.lib : args_main.c.obj (.text:_args_main)
                  000140b8    00000018                                   : snprintf.c.obj (.text:_outc)
                  000140d0    00000018                                   : sprintf.c.obj (.text:_outs)
                  000140e8    00000018     nettool_ipv4.aem4f : dhcpsock.oem4f (.text:dhcpSocketClose)
                  00014100    00000018     stk.aem4f : listlib.oem4f (.text:list_add)
                  00014118    00000018     rtsv7M4_T_le_v4SPD16_eabi.lib : strcmp.c.obj (.text:strcmp)
                  00014130    00000018     bluetooth_pem4f.oem4f (.text:ti_sysbios_BIOS_rtsUnlock__I)
                  00014148    00000018     bluetooth_pem4f.oem4f (.text:ti_sysbios_family_arm_lm4_Timer_Module__startupDone__F)
                  00014160    00000018     bluetooth_pem4f.oem4f (.text:ti_sysbios_family_arm_m3_Hwi_Module__startupDone__F)
                  00014178    00000018     sysbios.aem4f : m3_TaskSupport_asm.obj (.text:ti_sysbios_family_arm_m3_TaskSupport_swap__E)
                  00014190    00000018                   : BIOS.obj (.text:ti_sysbios_gates_GateMutex_leave__E)
                  000141a8    00000018                   : BIOS.obj (.text:ti_sysbios_knl_Task_unblock__E)
                  000141c0    00000018     ti.targets.arm.rtsarm.aem4f : Error.oem4f (.text:xdc_runtime_Error_check__E)
                  000141d8    00000018                                 : System.oem4f (.text:xdc_runtime_System_exit__E)
                  000141f0    00000018                                 : Text.oem4f (.text:xdc_runtime_Text_ropeText__E)
                  00014208    00000016     driverlib.lib : emac.obj (.text:EMACReset)
                  0001421e    00000016                   : emac.obj (.text:EMACRxEnable)
                  00014234    00000016                   : emac.obj (.text:EMACTxEnable)
                  0001424a    00000016     stk.aem4f : file.oem4f (.text:fdint_freefdt)
                  00014260    00000016     rtsv7M4_T_le_v4SPD16_eabi.lib : strchr.c.obj (.text:strchr)
                  00014276    00000016     bluetooth_pem4f.oem4f (.text:ti_sysbios_BIOS_exitFunc__I)
                  0001428c    00000016     bluetooth.obj (.text:ti_sysbios_knl_Task_Params_init)
                  000142a2    00000016     ti.targets.arm.rtsarm.aem4f : System.oem4f (.text:xdc_runtime_System_vsprintf__E)
                  000142b8    00000014     stk.aem4f : bind.oem4f (.text:BindIPHost2IF)
                  000142cc    00000014     driverlib.lib : flash.obj (.text:FlashUserGet)
                  000142e0    00000014     netctrl_min_ipv4.aem4f : netctrl.oem4f (.text:NC_NetStop)
                  000142f4    00000014     os.aem4f : task.oem4f (.text:NDK_hookExit)
                  00014308    00000014     stk.aem4f : nimu.oem4f (.text:NIMUSendPacket)
                  0001431c    00000014     nettool_ipv4.aem4f : ipaddr.oem4f (.text:NtRemoveNetwork)
                  00014330    00000014     stk.aem4f : rawethsock_pcb.oem4f (.text:RawEthSockPcbInit)
                  00014344    00000014               : timer.oem4f (.text:TimerFree)
                  00014358    00000014     driverlib.lib : uart.obj (.text:UARTEnable)
                  0001436c    00000014     bluetooth.obj (.text:connect)
                  00014380    00000014     bluetooth.obj (.text:socket)
                  00014394    00000014     rtsv7M4_T_le_v4SPD16_eabi.lib : strcpy.c.obj (.text:strcpy)
                  000143a8    00000014                                   : strlen.c.obj (.text:strlen)
                  000143bc    00000014     bluetooth_pem4f.oem4f (.text:ti_ndk_config_global_taskExitHook)
                  000143d0    00000014     bluetooth_pem4f.oem4f (.text:ti_sysbios_family_arm_m3_Hwi_Object__get__S)
                  000143e4    00000004     --HOLE-- [fill = 0]
                  000143e8    00000014     sysbios.aem4f : BIOS.obj (.text:ti_sysbios_family_arm_m3_Hwi_switchFromBootStack__E)
                  000143fc    00000014     bluetooth_pem4f.oem4f (.text:ti_sysbios_heaps_HeapMem_Object__get__S)
                  00014410    00000014     bluetooth_pem4f.oem4f (.text:ti_sysbios_knl_Mailbox_Object__get__S)
                  00014424    00000014     bluetooth_pem4f.oem4f (.text:ti_sysbios_knl_Swi_Object__get__S)
                  00014438    00000014     bluetooth_pem4f.oem4f (.text:ti_sysbios_knl_Task_Object__first__S)
                  0001444c    00000014     bluetooth_pem4f.oem4f (.text:ti_sysbios_knl_Task_Object__next__S)
                  00014460    00000014     bluetooth.obj (.text:timerHWI)
                  00014474    00000012     driverlib.lib : gpio.obj (.text:GPIOPinTypeEthernetLED)
                  00014486    00000012                   : gpio.obj (.text:GPIOPinTypeUART)
                  00014498    00000012     drivers_tivaware.aem4f : RingBuf.oem4f (.text:RingBuf_construct)
                  000144aa    00000012     stk.aem4f : sockprot.oem4f (.text:SockPrAttach)
                  000144bc    00000012               : sockint.oem4f (.text:SockSetOOBData)
                  000144ce    00000002     --HOLE-- [fill = 0]
                  000144d0    00000012     sysbios.aem4f : BIOS.obj (.text:ti_sysbios_hal_Hwi_Module_startup__E)
                  000144e2    00000006     driverlib.lib : gpio.obj (.text:GPIOIntClear)
                  000144e8    00000012     sysbios.aem4f : BIOS.obj (.text:ti_sysbios_hal_Timer_Module_startup__E)
                  000144fa    00000006     driverlib.lib : gpio.obj (.text:GPIOPinWrite)
                  00014500    00000012     sysbios.aem4f : BIOS.obj (.text:ti_sysbios_knl_Semaphore_reset__E)
                  00014512    00000012     rtsv7M4_T_le_v4SPD16_eabi.lib : wcslen.c.obj (.text:wcslen)
                  00014524    00000012     bluetooth_pem4f.oem4f (.text:xdc_runtime_Startup_exec__I)
                  00014536    00000002     --HOLE-- [fill = 0]
                  00014538    00000010     bluetooth_pem4f.oem4f (.text:.bootCodeSection:ti_catalog_arm_cortexm4_tiva_ce_Boot_init__I)
                  00014548    00000010     stk.aem4f : bind.oem4f (.text:BindIF2IPHost)
                  00014558    00000010               : bind.oem4f (.text:BindIFNet2IPHost)
                  00014568    00000010     driverlib.lib : emac.obj (.text:EMACFrameFilterSet)
                  00014578    00000010     stk.aem4f : exec.oem4f (.text:ExecHRef)
                  00014588    00000010     netctrl_min_ipv4.aem4f : netctrl.oem4f (.text:NC_IPUpdate)
                  00014598    00000010     stk.aem4f : nimu.oem4f (.text:NIMUGetRsvdSizeInfo)
                  000145a8    00000010     drivers_tivaware.aem4f : UARTTiva.oem4f (.text:readBlockingTimeout)
                  000145b8    00000010     sysbios.aem4f : BIOS.obj (.text:ti_sysbios_BIOS_exit__E)
                  000145c8    00000010                   : BIOS.obj (.text:ti_sysbios_BIOS_getCpuFreq__E)
                  000145d8    00000010                   : BIOS.obj (.text:ti_sysbios_BIOS_setThreadType__E)
                  000145e8    00000010                   : BIOS.obj (.text:ti_sysbios_BIOS_start__E)
                  000145f8    00000010                   : m3_TaskSupport_asm.obj (.text:ti_sysbios_family_arm_m3_TaskSupport_glue)
                  00014608    00000010                   : BIOS.obj (.text:ti_sysbios_gates_GateMutex_Instance_finalize__E)
                  00014618    00000010                   : BIOS.obj (.text:ti_sysbios_knl_Semaphore_Instance_finalize__E)
                  00014628    00000010                   : BIOS.obj (.text:ti_sysbios_knl_Swi_disable__E)
                  00014638    00000010     bluetooth_pem4f.oem4f (.text:ti_sysbios_knl_Task_Object__get__S)
                  00014648    00000010     sysbios.aem4f : BIOS.obj (.text:ti_sysbios_knl_Task_disable__E)
                  00014658    00000010     ti.targets.arm.rtsarm.aem4f : Gate.oem4f (.text:xdc_runtime_Gate_leaveSystem__E)
                  00014668    00000010                                 : Memory.oem4f (.text:xdc_runtime_Memory_free__E)
                  00014678    00000010                                 : SysMin.oem4f (.text:xdc_runtime_SysMin_ready__E)
                  00014688    00000010                                 : System.oem4f (.text:xdc_runtime_System_vsnprintf__E)
                  00014698    00000010     bluetooth_pem4f.oem4f (.text:xdc_runtime_Text_visitRope__I)
                  000146a8    0000000e     drivers_tivaware.aem4f : EMACSnow.oem4f (.text:EMACSnow_emacioctl)
                  000146b6    0000000e     stk.aem4f : exec.oem4f (.text:ExecLowResource)
                  000146c4    0000000e     driverlib.lib : gpio.obj (.text:GPIOIntStatus)
                  000146d2    0000000e                   : uart.obj (.text:UARTCharGetNonBlocking)
                  000146e0    0000000e                   : uart.obj (.text:UARTCharPutNonBlocking)
                  000146ee    0000000e     rtsv7M4_T_le_v4SPD16_eabi.lib : copy_decompress_none.c.obj (.text:decompress:none:__TI_decompress_none)
                  000146fc    00000004     --HOLE-- [fill = 0]
                  00014700    0000000e     sysbios.aem4f : BIOS.obj (.text:ti_sysbios_knl_Clock_removeI__E)
                  0001470e    00000002     --HOLE-- [fill = 0]
                  00014710    0000000e                   : BIOS.obj (.text:ti_sysbios_knl_Idle_loop__E)
                  0001471e    00000002     --HOLE-- [fill = 0]
                  00014720    0000000e                   : BIOS.obj (.text:ti_sysbios_knl_Queue_empty__E)
[...]
00016fe4  EMACSnow_fxnTable                                                    
00016fec  ti_sysbios_family_arm_m3_Hwi_excHookFuncs__A                         
00016ff4  ti_sysbios_knl_Idle_funcList__A                                      
00016ffc  ti_sysbios_knl_Idle_funcList__C                                      
00017004  ti_sysbios_knl_Task_hooks__C                                         
0001700c  xdc_runtime_Startup_firstFxns__C                                     
00017014  xdc_runtime_Startup_lastFxns__C                                      
0001701c  ti_catalog_arm_cortexm4_tiva_ce_Boot_A_mustNotUseEnhancedClockMode__C
00017020  ti_catalog_arm_cortexm4_tiva_ce_Boot_Module__diagsEnabled__C         
00017024  ti_catalog_arm_cortexm4_tiva_ce_Boot_Module__diagsIncluded__C        
00017028  ti_catalog_arm_cortexm4_tiva_ce_Boot_Module__diagsMask__C            
0001702c  ti_sysbios_family_arm_lm4_Timer_enableFunc__C                        
00017030  ti_sysbios_family_arm_lm4_Timer_numTimerDevices__C                   
00017034  ti_sysbios_family_arm_lm4_Timer_startupNeeded__C                     
00017038  ti_sysbios_family_arm_m3_Hwi_E_NMI__C                                
0001703c  ti_sysbios_family_arm_m3_Hwi_E_alreadyDefined__C                     
00017040  ti_sysbios_family_arm_m3_Hwi_E_busFault__C                           
00017044  ti_sysbios_family_arm_m3_Hwi_E_debugMon__C                           
00017048  ti_sysbios_family_arm_m3_Hwi_E_hardFault__C                          
0001704c  ti_sysbios_family_arm_m3_Hwi_E_memFault__C                           
00017050  ti_sysbios_family_arm_m3_Hwi_E_noIsr__C                              
00017054  ti_sysbios_family_arm_m3_Hwi_E_reserved__C                           
00017058  ti_sysbios_family_arm_m3_Hwi_E_svCall__C                             
0001705c  ti_sysbios_family_arm_m3_Hwi_E_usageFault__C                         
00017060  ti_sysbios_family_arm_m3_Hwi_NUM_INTERRUPTS__C                       
00017064  ti_sysbios_family_arm_m3_Hwi_Object__count__C                        
00017068  ti_sysbios_family_arm_m3_Hwi_ccr__C                                  
0001706c  ti_sysbios_family_arm_m3_Hwi_excHandlerFunc__C                       
00017070  ti_sysbios_family_arm_m3_Hwi_excHookFuncs__C                         
00017074  ti_sysbios_family_arm_m3_Hwi_nullIsrFunc__C                          
00017078  ti_sysbios_family_arm_m3_Hwi_priGroup__C                             
0001707c  ti_sysbios_family_arm_m3_TaskSupport_stackAlignment__C               
00017080  ti_sysbios_gates_GateMutex_Instance_State_sem__O                     
00017084  ti_sysbios_hal_Hwi_E_stackOverflow__C                                
00017088  ti_sysbios_heaps_HeapMem_E_memory__C                                 
0001708c  ti_sysbios_heaps_HeapMem_Module__gateObj__C                          
00017090  ti_sysbios_heaps_HeapMem_Object__count__C                            
00017094  ti_sysbios_heaps_HeapMem_reqAlign__C                                 
00017098  ti_sysbios_knl_Clock_Module_State_clockQ__O                          
0001709c  ti_sysbios_knl_Event_Instance_State_pendQ__O                         
000170a0  ti_sysbios_knl_Mailbox_Instance_State_dataQue__O                     
000170a4  ti_sysbios_knl_Mailbox_Instance_State_dataSem__O                     
000170a8  ti_sysbios_knl_Mailbox_Instance_State_freeQue__O                     
000170ac  ti_sysbios_knl_Mailbox_Instance_State_freeSem__O                     
000170b0  ti_sysbios_knl_Mailbox_Object__count__C                              
000170b4  ti_sysbios_knl_Mailbox_maxTypeAlign__C                               
000170b8  ti_sysbios_knl_Semaphore_Instance_State_pendQ__O                     
000170bc  ti_sysbios_knl_Swi_Object__count__C                                  
000170c0  ti_sysbios_knl_Task_E_deleteNotAllowed__C                            
000170c4  ti_sysbios_knl_Task_E_spOutOfBounds__C                               
000170c8  ti_sysbios_knl_Task_E_stackOverflow__C                               
000170cc  ti_sysbios_knl_Task_Module_State_inactiveQ__O                        
000170d0  ti_sysbios_knl_Task_Module_State_terminatedQ__O                      
000170d4  ti_sysbios_knl_Task_Object__count__C                                 
000170d8  ti_sysbios_knl_Task_Object__heap__C                                  
000170dc  ti_sysbios_knl_Task_allBlockedFunc__C                                
000170e0  ti_sysbios_knl_Task_defaultStackHeap__C                              
000170e4  ti_sysbios_knl_Task_defaultStackSize__C                              
000170e8  ti_sysbios_knl_Task_numConstructedTasks__C                           
000170ec  xdc_runtime_Assert_E_assertFailed__C                                 
000170f0  xdc_runtime_Core_A_initializedParams__C                              
000170f4  xdc_runtime_Core_Module__diagsEnabled__C                             
000170f8  xdc_runtime_Core_Module__diagsIncluded__C                            
000170fc  xdc_runtime_Core_Module__diagsMask__C                                
00017100  xdc_runtime_Error_E_memory__C                                        
00017104  xdc_runtime_Error_Module__diagsEnabled__C                            
00017108  xdc_runtime_Error_Module__diagsIncluded__C                           
0001710c  xdc_runtime_Error_Module__diagsMask__C                               
00017110  xdc_runtime_Error_Module__loggerFxn8__C                              
00017114  xdc_runtime_Error_Module__loggerObj__C                               
00017118  xdc_runtime_Error_policyFxn__C                                       
0001711c  xdc_runtime_Error_raiseHook__C                                       
00017120  xdc_runtime_IGateProvider_Interface__BASE__C                         
00017124  xdc_runtime_IHeap_Interface__BASE__C                                 
00017128  xdc_runtime_IModule_Interface__BASE__C                               
0001712c  xdc_runtime_Log_L_error__C                                           
00017130  xdc_runtime_Memory_defaultHeapInstance__C                            
00017134  xdc_runtime_Startup_execImpl__C                                      
00017138  xdc_runtime_Startup_maxPasses__C                                     
0001713c  xdc_runtime_Startup_sfxnRts__C                                       
00017140  xdc_runtime_Startup_sfxnTab__C                                       
00017144  xdc_runtime_SysMin_bufSize__C                                        
00017148  xdc_runtime_SysMin_outputFunc__C                                     
0001714c  xdc_runtime_System_Module__gateObj__C                                
00017150  xdc_runtime_System_abortFxn__C                                       
00017154  xdc_runtime_System_exitFxn__C                                        
00017158  xdc_runtime_System_extendFxn__C                                      
0001715c  xdc_runtime_System_maxAtexitHandlers__C                              
00017160  xdc_runtime_Text_charTab__C                                          
00017164  xdc_runtime_Text_nameEmpty__C                                        
00017168  xdc_runtime_Text_nameStatic__C                                       
0001716c  xdc_runtime_Text_nameUnknown__C                                      
00017170  xdc_runtime_Text_nodeTab__C                                          
00017174  xdc_runtime_Text_visitRopeFxn__C                                     
00017178  ti_sysbios_knl_Task_Module__id__C                                    
0001717a  xdc_runtime_Core_Module__id__C                                       
0001717c  xdc_runtime_Error_Module__loggerDefined__C                           
0001717e  xdc_runtime_Error_maxDepth__C                                        
00017180  xdc_runtime_Memory_Module__id__C                                     
00017182  xdc_runtime_SysMin_flushAtExit__C                                    
00017184  xdc_runtime_Text_charCnt__C                                          
00017186  xdc_runtime_Text_isLoaded__C                                         
00017188  xdc_runtime_Text_registryModsLastId__C                               
0001718a  xdc_runtime_Text_unnamedModsLastId__C                                
0001718c  xdc_runtime_Error_policy__C                                          
00017190  __TI_static_base__                                                   
000175c4  __TI_Handler_Table_Base                                              
000175d0  __TI_Handler_Table_Limit                                             
000175e0  __TI_CINIT_Base                                                      
000175f8  __TI_CINIT_Limit                                                     
20000000  __start___llvm_prf_cnts                                              
20000000  __stop___llvm_prf_cnts                                               
20000000  ti_sysbios_family_arm_m3_Hwi_ramVectors                              
20000380  ti_ndk_config_Global_pit                                             
20000498  ti_ndk_config_Global_pitBuffer                                       
2000cc98  ti_sysbios_heaps_HeapMem_Instance_State_0_buf__A                     
20014c98  ips                                                                  
20014d00  ti_ndk_config_Global_pBufMem                                         
20018900  ti_ndk_config_Global_pHdrMem                                         
20018bf8  ti_sysbios_knl_Task_Instance_State_0_stack__A                        
200191f8  ti_sysbios_knl_Task_Instance_State_1_stack__A                        
200193f8  ti_sysbios_family_arm_m3_Hwi_dispatchTable                           
20019758  __CIOBUF_                                                            
20019978  uartTivaObjects                                                      
20019a44  tcps                                                                 
20019d60  xdc_runtime_SysMin_Module_State_0_outbuf__A                          
20019de0  ti_sysbios_knl_Mailbox_Instance_State_0_allocBuf__A                  
20019e50  ti_sysbios_knl_Mailbox_Instance_State_1_allocBuf__A                  
20019ec0  nimu_mcb                                                             
20019f24  dummy                                                                
20019f88  input                                                                
20019fec  _ICMPIn                                                              
2001a038  _ICMPOut                                                             
2001a0c4  vlan_mcb                                                             
2001a110  udps                                                                 
2001a134  uartTivaRingBuffer                                                   
2001a154  BlockCount                                                           
2001a170  BlockMax                                                             
2001a18c  PageCount                                                            
2001a1a8  PageMax                                                              
2001a1c4  stkEvent                                                             
2001a200  raweths                                                              
2001a210  raws                                                                 
2001a22c  PBMQ_free                                                            
2001a238  tpseudo                                                              
2001a244  upseudo                                                              
2001a250  emacObjects                                                          
2001a258  parmbuf                                                              
2001a284  _IGMPInDiscard                                                       
2001a288  _IGMPInQuery                                                         
2001a28c  _IGMPInQueryGroup                                                    
2001a290  _IGMPInResponse                                                      
2001a294  _IGMPOutResponse                                                     
2001a298  allSeconds                                                           
2001a29c  day                                                                  
2001a2a0  g_ulStatus                                                           
2001a2b4  hour                                                                 
2001a2b8  minute                                                               
2001a2bc  month                                                                
2001a2c0  raweth_pcb                                                           
2001a2c4  receivedSecond                                                       
2001a2c8  second                                                               
2001a2cc  ti_sysbios_knl_Task_Instance_State_0_hookEnv__A                      
2001a2d0  ti_sysbios_knl_Task_Instance_State_1_hookEnv__A                      
2001a2d4  ts                                                                   
2001a2d8  year                                                                 
2001a2dc  _ipcfg                                                               
2001a390  ti_sysbios_knl_Mailbox_Object__table__V                              
2001a430  ti_sysbios_knl_Task_Object__table__V                                 
2001a4c8  ti_sysbios_family_arm_lm4_Timer_Object__table__V                     
2001a548  ti_sysbios_knl_Swi_Module_State_0_readyQ__A                          
2001a5c8  ti_sysbios_knl_Task_Module_State_0_readyQ__A                         
2001a648  ti_sysbios_knl_Swi_Object__table__V                                  
2001a6f5  printTime                                                            
2001a6f6  ti_sysbios_family_arm_m3_Hwi_Module_State_0_excActive__A             
2001a6f8  ti_sysbios_knl_Task_Module__state__V                                 
2001a7bc  ti_sysbios_family_arm_lm4_Timer_Module_State_0_device__A             
2001a7fc  ti_sysbios_knl_Semaphore_Object__table__V                            
2001a838  ti_sysbios_gates_GateMutex_Object__table__V                          
2001a8a4  ti_sysbios_family_arm_m3_Hwi_Module__state__V                        
2001a8d8  enablePrefetch                                                       
2001a8dc  phyCounter                                                           
2001a90a  xdc_runtime_Error_Module__state__V                                   
2001a93c  ti_sysbios_family_arm_m3_Hwi_Object__table__V                        
2001a96c  ti_sysbios_knl_Clock_Module__state__V                                
2001a998  pstrMsgName                                                          
2001a9c0  _oscfg                                                               
2001aa08  PITCount                                                             
2001aa0c  PITUsed                                                              
2001aa10  PITHigh                                                              
2001aa2c  ti_sysbios_BIOS_Module__state__V                                     
2001aa50  ti_sysbios_family_arm_lm4_Timer_Module_State_0_handles__A            
2001aa8c  ti_ndk_config_Global_Id2Size                                         
2001aaa8  ti_sysbios_knl_Swi_Module__state__V                                  
2001ab0c  ti_sysbios_heaps_HeapMem_Object__table__V                            
2001ab24  ti_sysbios_knl_Event_Object__table__V                                
2001ab78  _tz                                                                  
2001ab88  gpioPinConfigs                                                       
2001aba0  _IGMPForceVersion1                                                   
2001aba8  ti_sysbios_family_arm_lm4_Timer_Module__state__V                     
2001abb4  xdc_runtime_SysMin_Module__state__V                                  
2001abcc  _lock                                                                
2001abd0  _unlock                                                              
2001abd4  NIMUDeviceTable                                                      
2001abdc  ti_ndk_config_Global_HostName                                        
2001abe0  __xdc__init__addr                                                    
2001abe4  gpioCallbackFunctions                                                
2001abfc  _ICMPInErrors                                                        
2001ac00  _ICMPOutErrors                                                       
2001ac04  _IPExecuting                                                         
2001ac1c  tcp_iss                                                              
2001ac20  ptTimeFirst                                                          
2001ac2c  ti_sysbios_family_arm_m3_Hwi_Module__root__V                         
2001ac34  ti_sysbios_gates_GateHwi_Module__root__V                             
2001ac3c  ti_sysbios_gates_GateMutex_Module__root__V                           
2001ac44  ti_sysbios_hal_Timer_Object__table__V                                
2001ac4c  ti_sysbios_heaps_HeapMem_Module__root__V                             
2001ac54  ti_sysbios_knl_Clock_Module__root__V                                 
2001ac5c  ti_sysbios_knl_Queue_Module__root__V                                 
2001ac64  ti_sysbios_knl_Semaphore_Module__root__V                             
2001ac6c  ti_sysbios_knl_Swi_Module__root__V                                   
2001ac74  ti_sysbios_knl_Task_Module__root__V                                  
2001ac7c  xdc_runtime_Registry_Module__state__V                                
2001ac84  xdc_runtime_Startup_Module__state__V                                 
2001ac8c  xdc_runtime_System_Module_State_0_atexitHandlers__A                  
2001ac94  xdc_runtime_System_Module__state__V                                  
2001ac9c  macAddress                                                           
2001acc0  errno                                                                
2001acc4  main_func_sp                                                         
2001accc  _IPReasmPtr                                                          
2001acdc  ti_sysbios_family_arm_m3_Hwi_Module_State_0_excContext__A            
2001ace0  ti_sysbios_family_arm_m3_Hwi_Module_State_0_excStack__A              
2001ace4  ti_sysbios_gates_GateHwi_Object__table__V                            
2001ace8  ti_sysbios_knl_Task_Module_State_0_idleTask__A                       
2001acec  xdc_runtime_Memory_Module__state__V                                  
2001acf0  __stack                                                              
2001b4f0  __STACK_END                                                          
e000e000  ti_sysbios_family_arm_m3_Hwi_nvic                                    
ffffffff  __TI_pprof_out_hndl                                                  
ffffffff  __TI_prof_data_size                                                  
ffffffff  __TI_prof_data_start                                                 
ffffffff  __binit__                                                            
ffffffff  __c_args__                                                           
ffffffff  binit                                                                
UNDEFED   SHT$$INIT_ARRAY$$Base                                                
UNDEFED   SHT$$INIT_ARRAY$$Limit                                               

[1114 symbols]
